EXTREMAL TARGETS [(108, 108, 62), (108, 107, 63), (107, 107, 64), (108, 106, 64), (107, 106, 65), (108, 105, 65), (106, 106, 66), (107, 105, 66), (108, 104, 66)]
CASE (108, 108, 62) rows 718066 Q -10580 CERT None
BRANCH (108, 108, 62) (0, 0, -1) 680004 CERT None
BRANCH (108, 108, 62) (0, 1, -1) 297357 CERT {'coeff': [18, -244, 4, -159, -3, -93, -2, -8292, -8683, 1023], 'K': 2682911, 'forced': 976504945, 'gap': 74659}
BRANCH (108, 108, 62) (1, 0, -1) 302963 CERT {'coeff': [18, -159, -3, -244, 4, -93, -2, -8292, -8683, 1023], 'K': 2682911, 'forced': 976504945, 'gap': 74659}
BRANCH (108, 108, 62) (1, 1, -1) 135083 CERT {'coeff': [44, -337, -8, -337, 1, -198, -7, -55336, -11028, 2333, -6650, -2357, 644], 'K': 7352436, 'forced': 2672879794, 'gap': 3406910}
CASE (108, 107, 63) rows 868617 Q -7835 CERT None
BRANCH (108, 107, 63) (0, 0, -1) 836609 CERT {'coeff': [549, -110703, 2649, -104195, 2503, 1645, -200], 'K': -457342248, 'forced': -166472692911, 'gap': 114639}
BRANCH (108, 107, 63) (0, 1, -1) 391380 CERT {'coeff': [19, -260, 4, -155, -4, -105, -3, -13863, -7041, 853], 'K': 2848834, 'forced': 1036746520, 'gap': 229056}
BRANCH (108, 107, 63) (1, 0, -1) 368645 CERT {'coeff': [363, -4106, -52, -5665, 88, -2550, -1, -156823, -224713, 23666], 'K': 48755362, 'forced': 17738704422, 'gap': 8247346}
BRANCH (108, 107, 63) (1, 1, -1) 176198 CERT {'coeff': [6, -46, -1, -42, -1, -29, -1, -7976, -1554, 296, -7197, -1371, 216], 'K': 977526, 'forced': 355745886, 'gap': 73578}
CASE (107, 107, 64) rows 1027650 Q -5547 CERT None
BRANCH (107, 107, 64) (0, 0, -1) 1003191 CERT {'coeff': [71, -11078, 264, -11078, 264, -462, 1], 'K': -43876749, 'forced': -15971354284, 'gap': 217648}
BRANCH (107, 107, 64) (0, 1, -1) 465111 CERT {'coeff': [32, -509, 8, -339, -3, -226, -3, -3271, -16151, 1301], 'K': 4473321, 'forced': 1627756302, 'gap': 532542}
BRANCH (107, 107, 64) (1, 0, -1) 485218 CERT {'coeff': [32, -339, -3, -509, 8, -226, -3, -3271, -16151, 1301], 'K': 4473321, 'forced': 1627756302, 'gap': 532542}
BRANCH (107, 107, 64) (1, 1, -1) 230627 CERT {'coeff': [5, -42, -1, -42, -1, -28, -1, -7097, -1403, 221, -7097, -1403, 210], 'K': 763481, 'forced': 277590466, 'gap': 316618}
CASE (108, 106, 64) rows 1145427 Q -5212 CERT None
BRANCH (108, 106, 64) (0, 0, -1) 1112630 CERT {'coeff': [53, -7888, 187, -7323, 175, -414, 1], 'K': -29262607, 'forced': -10651855617, 'gap': 266669}
BRANCH (108, 106, 64) (0, 1, -1) 500947 CERT {'coeff': [5, -76, 1, -42, -1, -30, -1, -3719, -1810, 228], 'K': 721084, 'forced': 262423514, 'gap': 51062}
BRANCH (108, 106, 64) (1, 0, -1) 478721 CERT {'coeff': [4, -211, 3, -260, 6, -129, 4, -8070, -1363, 419], 'K': -549093, 'forced': -199893766, 'gap': 23914}
BRANCH (108, 106, 64) (1, 1, -1) 224052 CERT {'coeff': [13, -116, -3, -98, -2, -71, -2, -17444, -5324, 737, -14204, -3493, 485], 'K': 2014624, 'forced': 733110616, 'gap': 212520}
CASE (107, 106, 65) rows 1368185 Q -3363 CERT {'coeff': [351, -22165, 495, -39739, 926, -3861, 50], 'K': -88786690, 'forced': -32318686665, 'gap': 331505}
CASE (108, 105, 65) rows 1197071 Q -2711 CERT {'coeff': [645, -29665, 637, -57987, 1353, -11434, 200], 'K': -96300995, 'forced': -35053728318, 'gap': 166138}
CASE (106, 106, 66) rows 1833968 Q -1600 CERT None
BRANCH (106, 106, 66) (0, 0, -1) 1819620 CERT {'coeff': [10, -1178, 28, -1178, 28, -393, 13], 'K': -4313912, 'forced': -1570275015, 'gap': 11047}
BRANCH (106, 106, 66) (0, 1, -1) 751342 CERT {'coeff': [29, -2074, 48, -1427, 20, -970, 31, -53291, -8150, 2241], 'K': -4014320, 'forced': -1462328977, 'gap': 1116497}
BRANCH (106, 106, 66) (1, 0, -1) 819862 CERT {'coeff': [29, -1427, 20, -2074, 48, -970, 31, -53291, -8150, 2241], 'K': -4014320, 'forced': -1462328977, 'gap': 1116497}
BRANCH (106, 106, 66) (1, 1, -1) 383233 CERT {'coeff': [12, -108, -3, -108, -3, -73, 1, -11337, -4603, 437, -11337, -4603, 535], 'K': 1801159, 'forced': 655334097, 'gap': 287779}
CASE (107, 105, 66) rows 1415765 Q -1283 CERT {'coeff': [83, -4992, 111, -6954, 162, -1964, 50], 'K': -14428930, 'forced': -5252632551, 'gap': 502031}
CASE (108, 104, 66) rows 1197111 Q -332 CERT {'coeff': [50, -3816, 86, -3169, 74, -2052, 65], 'K': -9099405, 'forced': -3312377064, 'gap': 193644}
DONE
