CASE (112, 111, 55) 3330 CERT None sec 1.53
BRANCH (112, 111, 55) (-1, -1, -1) 3330 CERT None
CASE (108, 108, 62) 718071 CERT None sec 0.83
BRANCH (108, 108, 62) (0, 0, -1) 680004 CERT None
BRANCH (108, 108, 62) (0, 1, -1) 297357 CERT {'coeff': [18, -244, 4, -159, -3, -93, -2, -8292, -8683, 1023], 'K': 2682911, 'forced': 976504945, 'gap': 74659}
BRANCH (108, 108, 62) (1, 0, -1) 302963 CERT {'coeff': [18, -159, -3, -244, 4, -93, -2, -8292, -8683, 1023], 'K': 2682911, 'forced': 976504945, 'gap': 74659}
BRANCH (108, 108, 62) (1, 1, -1) 135088 CERT {'coeff': [44, -337, 1, -337, -8, -198, -7, -6650, -2357, 644, -55336, -11028, 2333], 'K': 7352436, 'forced': 2672879794, 'gap': 3406910}
CASE (108, 107, 63) 869441 CERT None sec 0.62
BRANCH (108, 107, 63) (0, 0, -1) 837365 CERT None
BRANCH (108, 107, 63) (0, 1, -1) 391544 CERT {'coeff': [21, -290, 4, -174, -4, -117, -3, -12638, -7687, 954], 'K': 3130109, 'forced': 1139018341, 'gap': 341335}
BRANCH (108, 107, 63) (1, 0, -1) 368816 CERT {'coeff': [64, -777, -8, -1072, 18, -483, 1, -19552, -42529, 4251], 'K': 8240737, 'forced': 2999623286, 'gap': 4982}
BRANCH (108, 107, 63) (1, 1, -1) 176269 CERT {'coeff': [10, -80, 1, -73, -2, -50, -1, 4795, -9, 90, -10523, -2572, 356], 'K': 1719202, 'forced': 625200992, 'gap': 588536}
CASE (108, 106, 64) 1151834 CERT None sec 1.53
BRANCH (108, 106, 64) (0, 0, -1) 1118555 CERT None
BRANCH (108, 106, 64) (0, 1, -1) 502731 CERT {'coeff': [16, -228, 3, -126, -3, -91, -3, -7622, -5429, 685], 'K': 2406006, 'forced': 875632652, 'gap': 153532}
BRANCH (108, 106, 64) (1, 0, -1) 480502 CERT {'coeff': [10, -566, -1, -698, 16, -346, 11, -69284, -13580, 2394], 'K': -2072420, 'forced': -754378358, 'gap': 17478}
BRANCH (108, 106, 64) (1, 1, -1) 224399 CERT {'coeff': [11, -91, 1, -77, -2, -56, -1, 6795, -1175, 103, -9624, -2802, 368], 'K': 1918332, 'forced': 697659031, 'gap': 613817}
CASE (107, 107, 64) 1032196 CERT None sec 0.74
BRANCH (107, 107, 64) (0, 0, -1) 1007479 CERT None
BRANCH (107, 107, 64) (0, 1, -1) 466337 CERT {'coeff': [41, -2963, 69, -1974, 10, -1314, 42, -148671, -36234, 4833], 'K': -6612485, 'forced': -2407871050, 'gap': 926510}
BRANCH (107, 107, 64) (1, 0, -1) 486399 CERT {'coeff': [41, -1974, 10, -2963, 69, -1314, 42, -148671, -36234, 4833], 'K': -6612485, 'forced': -2407871050, 'gap': 926510}
BRANCH (107, 107, 64) (1, 1, -1) 230863 CERT {'coeff': [15, -124, -3, -124, -3, -82, -1, -16654, -4965, 570, -16654, -4965, 648], 'K': 2327612, 'forced': 846407888, 'gap': 842880}
CASE (108, 105, 65) 1215972 CERT None sec 1.31
BRANCH (108, 105, 65) (0, 0, -1) 1184348 CERT None
BRANCH (108, 105, 65) (0, 1, -1) 629415 CERT {'coeff': [11, -458, 10, -235, -5, -180, 3, -32869, -9331, 1596], 'K': 93616, 'forced': 33979937, 'gap': 96287}
BRANCH (108, 105, 65) (1, 0, -1) 506850 CERT {'coeff': [59, -3464, 20, -3891, 91, -2086, 67, -285523, -56889, 11058], 'K': -10662126, 'forced': -3882410120, 'gap': 1396256}
BRANCH (108, 105, 65) (1, 1, -1) 278774 CERT {'coeff': [27, -250, -1, -197, -5, -151, -1, -4325, -9289, 1024, -20397, -7485, 1077], 'K': 4460088, 'forced': 1622309441, 'gap': 1162591}
CASE (107, 106, 65) 1383820 CERT None sec 1.46
BRANCH (107, 106, 65) (0, 0, -1) 1361757 CERT None
BRANCH (107, 106, 65) (0, 1, -1) 597720 CERT {'coeff': [22, -1514, 35, -932, -2, -661, 21, -91380, -23573, 2999], 'K': -3068283, 'forced': -1117242905, 'gap': 387893}
BRANCH (107, 106, 65) (1, 0, -1) 632966 CERT {'coeff': [100, -8948, 127, -10190, 245, -5859, 196, -390228, -89417, 13422], 'K': -37381402, 'forced': -13607206582, 'gap': 376254}
BRANCH (107, 106, 65) (1, 1, -1) 294157 CERT {'coeff': [10, -86, -2, -79, -2, -56, -1, -7855, -4074, 401, -9703, -3109, 396], 'K': 1568282, 'forced': 570523505, 'gap': 331143}
CASE (108, 104, 66) 1236150 CERT None sec 0.9
BRANCH (108, 104, 66) (0, 0, -1) 1207334 CERT None
BRANCH (108, 104, 66) (0, 1, -1) 749953 CERT {'coeff': [62, -2423, 53, -1153, -20, -911, 10, -124396, -43193, 5526], 'K': 2189401, 'forced': 796410521, 'gap': 531443}
BRANCH (108, 104, 66) (1, 0, -1) 515535 CERT {'coeff': [11, -712, 5, -732, 17, -411, 13, -54742, -10426, 2149], 'K': -2200087, 'forced': -800884685, 'gap': 53017}
BRANCH (108, 104, 66) (1, 1, -1) 330112 CERT {'coeff': [515, -5539, -128, -4047, -72, -3195, -1, -739782, -303113, 35685, -238801, -151556, 16524], 'K': 77686579, 'forced': 28251594949, 'gap': 26319807}
CASE (107, 105, 66) 1457874 CERT None sec 0.57
BRANCH (107, 105, 66) (0, 0, -1) 1437627 CERT None
BRANCH (107, 105, 66) (0, 1, -1) 747245 CERT {'coeff': [33, -2355, 54, -1342, 1, -985, 30, -101436, -28614, 5231], 'K': -4360769, 'forced': -1587721994, 'gap': 402078}
BRANCH (107, 105, 66) (1, 0, -1) 667822 CERT None
BRANCH (107, 105, 66) (1, 1, -1) 365879 CERT {'coeff': [23, -230, -3, -197, -5, -144, -1, -12121, -10950, 902, -22293, -6013, 1259], 'K': 3520670, 'forced': 1280850020, 'gap': 673860}
CASE (106, 106, 66) 1877118 CERT None sec 1.44
BRANCH (106, 106, 66) (0, 0, -1) 1861239 CERT None
BRANCH (106, 106, 66) (0, 1, -1) 764977 CERT None
BRANCH (106, 106, 66) (1, 0, -1) 833878 CERT None
BRANCH (106, 106, 66) (1, 1, -1) 385853 CERT {'coeff': [124, -1119, -27, -1119, -27, -761, 1, -120590, -41246, 5059, -120590, -41246, 5572], 'K': 18834670, 'forced': 6851450647, 'gap': 4369233}
CASE (108, 103, 67) 1268891 CERT None sec 1.95
BRANCH (108, 103, 67) (0, 0, -1) 1243065 CERT None
BRANCH (108, 103, 67) (0, 1, -1) 884264 CERT {'coeff': [27, -1504, 33, -593, -10, -556, 15, -54869, -23835, 2770], 'K': -753473, 'forced': -274477591, 'gap': 213419}
BRANCH (108, 103, 67) (1, 0, -1) 530223 CERT {'coeff': [50, -3628, 59, -2742, 64, -2059, 65, -103201, -18168, 6202], 'K': -8377132, 'forced': -3050317872, 'gap': 1041824}
BRANCH (108, 103, 67) (1, 1, -1) 387288 CERT {'coeff': [17, -208, -5, -142, -3, -118, 2, -28172, -11377, 1385, -8455, -5056, 482], 'K': 2409352, 'forced': 876534065, 'gap': 470063}
CASE (107, 104, 67) 1478490 CERT None sec 1.13
BRANCH (107, 104, 67) (0, 0, -1) 1460598 CERT None
BRANCH (107, 104, 67) (0, 1, -1) 889228 CERT {'coeff': [13, -992, 23, -525, 2, -408, 12, -29267, -9959, 1358], 'K': -1791600, 'forced': -652214853, 'gap': 72453}
BRANCH (107, 104, 67) (1, 0, -1) 679445 CERT None
BRANCH (107, 104, 67) (1, 1, -1) 433599 CERT {'coeff': [43, -472, -7, -375, -9, -292, 1, -34367, -22490, 2087, -34652, -13890, 1712], 'K': 6427257, 'forced': 2338757266, 'gap': 764282}
CASE (106, 105, 67) 1974742 CERT None sec 1.51
BRANCH (106, 105, 67) (0, 0, -1) 1961024 CERT None
BRANCH (106, 105, 67) (0, 1, -1) 957112 CERT None
BRANCH (106, 105, 67) (1, 0, -1) 880096 CERT None
BRANCH (106, 105, 67) (1, 1, -1) 480461 CERT {'coeff': [47, -480, -11, -444, -11, -321, 2, -49783, -20524, 2317, -42685, -16841, 2717], 'K': 6856108, 'forced': 2494830008, 'gap': 793304}
CASE (108, 102, 68) 1313929 CERT None sec 0.51
CASE (107, 103, 68) 1513993 CERT None sec 0.61
BRANCH (107, 103, 68) (0, 0, -1) 1498668 CERT None
BRANCH (107, 103, 68) (0, 1, -1) 1047546 CERT {'coeff': [1000, -56883, 1330, -165910, 3235, -34985, 1078, -2251600, -777652, 177438], 'K': -403242917, 'forced': -146781162184, 'gap': 740396}
BRANCH (107, 103, 68) (1, 0, -1) 699011 CERT None
BRANCH (107, 103, 68) (1, 1, -1) 509311 CERT {'coeff': [50, -5528, 106, -4093, 51, -3274, 105, -143183, -19008, 7438, -145137, -51040, 7085], 'K': -19973969, 'forced': -7270940926, 'gap': 416210}
CASE (106, 104, 68) 1998841 CERT None sec 2.25
BRANCH (106, 104, 68) (0, 0, -1) 1987360 CERT None
BRANCH (106, 104, 68) (0, 1, -1) 1141018 CERT None
BRANCH (106, 104, 68) (1, 0, -1) 895681 CERT None
BRANCH (106, 104, 68) (1, 1, -1) 569989 CERT {'coeff': [11, -127, -3, -110, -2, -82, 1, -14213, -5146, 594, -4847, -4102, 484], 'K': 1550485, 'forced': 564190395, 'gap': 186145}
CASE (105, 105, 68) 2071473 CERT None sec 1.45
BRANCH (105, 105, 68) (0, 0, -1) 2060042 CERT None
BRANCH (105, 105, 68) (0, 1, -1) 1004994 CERT None
BRANCH (105, 105, 68) (1, 0, -1) 1027727 CERT None
BRANCH (105, 105, 68) (1, 1, -1) 557709 CERT {'coeff': [19, -196, -5, -196, -5, -136, 2, -17627, -7812, 1264, -17627, -7812, 1024], 'K': 2701406, 'forced': 983039876, 'gap': 271908}
CASE (108, 101, 69) 1329431 CERT None sec 0.63
CASE (107, 102, 69) 1563595 CERT None sec 0.85
CASE (106, 103, 69) 2040582 CERT None sec 1.54
BRANCH (106, 103, 69) (0, 0, -1) 2031552 CERT None
BRANCH (106, 103, 69) (0, 1, -1) 1346183 CERT None
BRANCH (106, 103, 69) (1, 0, -1) 921650 CERT None
BRANCH (106, 103, 69) (1, 1, -1) 670015 CERT {'coeff': [20, -3048, 72, -3334, 65, -984, 31, -12142, 2844, 1795, -57274, -14442, 3499], 'K': -13538662, 'forced': -4928134609, 'gap': 61641}
CASE (105, 104, 69) 2097468 CERT None sec 1.88
BRANCH (105, 104, 69) (0, 0, -1) 2088078 CERT None
BRANCH (105, 104, 69) (0, 1, -1) 1198396 CERT None
BRANCH (105, 104, 69) (1, 0, -1) 1045713 CERT None
BRANCH (105, 104, 69) (1, 1, -1) 662000 CERT {'coeff': [16, -183, -4, -170, -3, -125, 2, -14067, -7286, 1064, -7956, -6375, 719], 'K': 2269978, 'forced': 826016636, 'gap': 255356}
CASE (108, 100, 70) 1357239 CERT None sec 0.52
CASE (107, 101, 70) 1578973 CERT None sec 0.75
CASE (106, 102, 70) 2099053 CERT None sec 0.94
CASE (105, 103, 70) 2142208 CERT None sec 1.96
BRANCH (105, 103, 70) (0, 0, -1) 2135097 CERT None
BRANCH (105, 103, 70) (0, 1, -1) 1414319 CERT None
BRANCH (105, 103, 70) (1, 0, -1) 1075609 CERT None
BRANCH (105, 103, 70) (1, 1, -1) 778563 CERT {'coeff': [203, -9793, 200, -39241, 745, -8957, 275, -147459, -22957, 10348, -731682, -195428, 43889], 'K': -95694684, 'forced': -34835090286, 'gap': 2225310}
CASE (104, 104, 70) 2120284 CERT None sec 2.44
BRANCH (104, 104, 70) (0, 0, -1) 2112807 CERT None
BRANCH (104, 104, 70) (0, 1, -1) 1218397 CERT None
BRANCH (104, 104, 70) (1, 0, -1) 1306318 CERT None
BRANCH (104, 104, 70) (1, 1, -1) 824484 CERT {'coeff': [13, -190, -3, -190, -3, -134, 3, -14045, -7130, 779, -13604, -7130, 834], 'K': 1487090, 'forced': 541154982, 'gap': 145778}
CASE (108, 99, 71) 1397201 CERT None sec 0.62
CASE (107, 100, 71) 1608870 CERT None sec 0.92
CASE (106, 101, 71) 2115700 CERT None sec 2.34
CASE (105, 102, 71) 2204814 CERT None sec 1.59
CASE (104, 103, 71) 2166848 CERT None sec 1.27
BRANCH (104, 103, 71) (0, 0, -1) 2161392 CERT None
BRANCH (104, 103, 71) (0, 1, -1) 1438191 CERT None
BRANCH (104, 103, 71) (1, 0, -1) 1344122 CERT None
BRANCH (104, 103, 71) (1, 1, -1) 970443 CERT {'coeff': [124, -5372, 100, -24633, 445, -4614, 138, -110308, -24605, 5546, -539044, -146208, 29452], 'K': -58627013, 'forced': -21340523244, 'gap': 290512}
CASE (108, 98, 72) 1408959 CERT None sec 0.88
CASE (107, 99, 72) 1652685 CERT None sec 1.1
CASE (106, 100, 72) 2149565 CERT None sec 2.8
CASE (105, 101, 72) 2223310 CERT None sec 1.02
CASE (104, 102, 72) 2231679 CERT None sec 1.33
CASE (103, 103, 72) 2213877 CERT None sec 0.91
BRANCH (103, 103, 72) (0, 0, -1) 2210162 CERT None
BRANCH (103, 103, 72) (0, 1, -1) 1475682 CERT None
BRANCH (103, 103, 72) (1, 0, -1) 1539853 CERT None
BRANCH (103, 103, 72) (1, 1, -1) 1108515 CERT None
STAGE COMPLETE 0
ROOT (None, [((np.int64(93), np.int64(93), np.int64(92)), 0.5579185588779478), ((np.int64(98), np.int64(98), np.int64(82)), 0.39814465730549653), ((np.int64(112), np.int64(111), np.int64(55)), 0.043936783816555657)])
