DOMAINS 12 17 453 58 [(40, 247, 43246), (41, 52, 64439), (106, 14, 95343)] 2460769
ITER 0 rows 2040 delta 2.38593723979862 inner_min -6.41964850531615 outer_min [-1.773448593016075] elapsed 12.11
ITER 1 rows 3872 delta 1.269806382775029 inner_min -3.679514800584544 outer_min [-2.8505712343945104] elapsed 12.28
ITER 2 rows 5395 delta 0.9787654442489209 inner_min -3.1108662594715173 outer_min [-3.0055974706902884] elapsed 12.54
ITER 3 rows 6421 delta 0.5475153296675203 inner_min -3.8021548368163036 outer_min [-3.411843681889351] elapsed 13.01
ITER 4 rows 7691 delta 0.1965879907031846 inner_min -1.9053159357064382 outer_min [-3.958281414699857] elapsed 13.57
ITER 5 rows 8945 delta 0.10607186132853401 inner_min -1.6488711878866558 outer_min [-3.418032544692454] elapsed 14.4
ITER 6 rows 10126 delta 0.09325022868667723 inner_min -0.9234125076068016 outer_min [-3.720741539105611] elapsed 15.42
ITER 7 rows 11007 delta 0.07621087890297412 inner_min -1.0807864377579244 outer_min [-3.426801454960505] elapsed 16.87
ITER 8 rows 12138 delta 0.0497894363257575 inner_min -1.8317962896543245 outer_min [-2.7207048823149913] elapsed 18.14
ITER 9 rows 13111 delta 0.0418865143835792 inner_min -0.521588623747677 outer_min [-3.3799550209871576] elapsed 20.71
ITER 10 rows 13676 delta 0.0414772960306316 inner_min -0.531983186271896 outer_min [-3.34799268012365] elapsed 22.37
ITER 11 rows 14043 delta 0.04052001047130493 inner_min -0.7437046337532887 outer_min [-3.373778776084193] elapsed 24.4
ITER 12 rows 14380 delta 0.03970543168696048 inner_min -0.34848057429538626 outer_min [-2.555562140590725] elapsed 27.05
ITER 13 rows 14761 delta 0.03310670144143803 inner_min -0.1616323276338515 outer_min [-1.248310339452646] elapsed 29.37
ITER 14 rows 15454 delta 0.03017925904952907 inner_min -0.08233207940325832 outer_min [-1.27490759369936] elapsed 31.57
ITER 15 rows 15807 delta 0.029696754095029365 inner_min -1.1252793376740104 outer_min [-1.066649190835279] elapsed 34.08
ITER 16 rows 16074 delta 0.028812805991230973 inner_min -0.18312694740058355 outer_min [-1.370548963073213] elapsed 36.56
ITER 17 rows 16455 delta 0.028812805991230806 inner_min -0.13487829366190449 outer_min [-1.154201994191348] elapsed 39.37
ITER 18 rows 16687 delta 0.027950938708449547 inner_min -0.44232609314284177 outer_min [-1.9311369521908595] elapsed 42.87
ITER 19 rows 17179 delta 0.02715449602190993 inner_min -0.13367436796114207 outer_min [-0.9112750734460268] elapsed 46.09
ITER 20 rows 17604 delta 0.025051552979962005 inner_min -0.05280926572370892 outer_min [-0.5640004079491427] elapsed 49.66
ITER 21 rows 18054 delta 0.02445875057504747 inner_min -0.1273121858190569 outer_min [-2.358775658382873] elapsed 52.63
ITER 22 rows 18483 delta 0.022784217739717384 inner_min -0.18159594514108768 outer_min [-0.5331596406706803] elapsed 55.77
ITER 23 rows 18918 delta 0.0227133095365595 inner_min -0.12114106725558871 outer_min [-0.5227382859546755] elapsed 58.52
ITER 24 rows 19128 delta 0.022438036344102873 inner_min -0.541782456205059 outer_min [-0.4008784420901699] elapsed 62.23
ITER 25 rows 19572 delta 0.011612718514520247 inner_min -0.07866300637868279 outer_min [-0.48858867162403435] elapsed 68.22
ITER 26 rows 20412 delta 0.010900803791808276 inner_min -0.8858671226693277 outer_min [-0.3706923973246441] elapsed 72.81
ITER 27 rows 20896 delta 0.010162307840908226 inner_min -0.0998766070157586 outer_min [-0.25585669066282096] elapsed 78.21
ITER 28 rows 21202 delta 0.009579139066565151 inner_min -0.1822383529809038 outer_min [-0.2533421182910281] elapsed 83.4
ITER 29 rows 21945 delta 0.0041162378786524755 inner_min -0.14814902211638148 outer_min [-0.25082957668495476] elapsed 89.61
ITER 30 rows 22508 delta 0.0028603615384242644 inner_min -0.6413674140891559 outer_min [-0.13027493383223832] elapsed 96.3
ITER 31 rows 23173 delta 0.001378062808333329 inner_min -0.3656899178185078 outer_min [-0.0794312551046471] elapsed 104.66
ITER 32 rows 23691 delta -0.0 inner_min -0.3054777710654133 outer_min [-1.8199747264802113e-12] elapsed 113.02
RESULT NO_NEW_MATH COMPLETE_PARALLEL18_STATE40_NO_POSITIVE_DUAL
