DOMAINS 49 43 78345 95343 2460769
ITER 0 rows 640 delta 1.7864253597940463 inner_min -4.521773493107327 outer_min [-2.37296047302065] elapsed 11.89
ITER 1 rows 1711 delta 0.8754754106610168 inner_min -2.2534746270824697 outer_min [-3.888730857582379] elapsed 11.94
ITER 2 rows 2532 delta 0.801615692603831 inner_min -1.3142054842511306 outer_min [-3.193314390254719] elapsed 12.01
ITER 3 rows 2934 delta 0.47111498918492467 inner_min -3.7622399364641583 outer_min [-3.451820010134922] elapsed 12.13
ITER 4 rows 3964 delta 0.2281939432102644 inner_min -2.18832293936942 outer_min [-3.641240194207019] elapsed 12.29
ITER 5 rows 5012 delta 0.14596355201359001 inner_min -1.9729075888774052 outer_min [-2.6464762953530614] elapsed 12.64
ITER 6 rows 6059 delta 0.12619793710436583 inner_min -2.0111610595457026 outer_min [-2.9017997635463697] elapsed 13.08
ITER 7 rows 6880 delta 0.09260391843415022 inner_min -0.6915829252394274 outer_min [-2.9714890212716103] elapsed 13.67
ITER 8 rows 7739 delta 0.08089008048521465 inner_min -1.8709041779490754 outer_min [-3.0499652861751367] elapsed 14.38
ITER 9 rows 8654 delta 0.06526349355897162 inner_min -0.315827094990224 outer_min [-3.3253424066965365] elapsed 15.22
ITER 10 rows 9288 delta 0.055876310671412306 inner_min -0.10501988014997021 outer_min [-3.2711407532588233] elapsed 16.14
ITER 11 rows 10008 delta 0.054565778518715614 inner_min -1.2063478623120822 outer_min [-3.2525655851016895] elapsed 17.07
ITER 12 rows 10579 delta 0.032740827087954415 inner_min -0.3344407591812173 outer_min [-0.8584319281718348] elapsed 18.54
ITER 13 rows 11488 delta 0.02749519646959151 inner_min -1.2371494426063974 outer_min [-1.0281519586600032] elapsed 20.13
ITER 14 rows 12212 delta 0.008715588879200846 inner_min -0.1699747985504331 outer_min [-1.3037535911616907] elapsed 22.12
ITER 15 rows 12881 delta 0.007995449621133233 inner_min -0.34200225763961295 outer_min [-1.122756254144134] elapsed 23.84
ITER 16 rows 13351 delta 0.007972129057879463 inner_min -0.11732717964536232 outer_min [-1.1039097822130404] elapsed 25.45
ITER 17 rows 13581 delta 0.007915104923033428 inner_min -0.041935190544334144 outer_min [-0.4137246197233979] elapsed 27.12
ITER 18 rows 13716 delta 0.007722619192339686 inner_min -0.03996966576184935 outer_min [-0.3520282706798241] elapsed 28.54
ITER 19 rows 14016 delta 0.007718646076581591 inner_min -0.06867533027859102 outer_min [-0.25096326585206574] elapsed 30.41
ITER 20 rows 14148 delta 0.005801220432285112 inner_min -0.2550016470659161 outer_min [-0.21532353917504496] elapsed 32.02
ITER 21 rows 14598 delta 0.005602271798524371 inner_min -0.1965789427267055 outer_min [-0.18790801649903272] elapsed 33.57
ITER 22 rows 15073 delta 0.0003465119639242281 inner_min -0.07308568655524561 outer_min [-0.2685534870518461] elapsed 35.26
ITER 23 rows 15350 delta -0.0 inner_min -0.0008897200506564444 outer_min [-1.529303766956147e-11] elapsed 37.06
RESULT NO_NEW_MATH FULL_NAMED41_HIST_MODEL_NO_POSITIVE_DUAL
