DOMAINS 49 43 78345 95343 2571792
ITER 0 rows 642 delta 0.9378546014916654 inner_min -4.090659756837571 outer_min [-1.5586344511346581] elapsed 14.88
ITER 1 rows 1657 delta 0.5413643333458339 inner_min -5.24777345145547 outer_min [-1.9819006575375897] elapsed 15.21
ITER 2 rows 1893 delta 0.5049600675284479 inner_min -2.5709886439499594 outer_min [-1.4938251432145382] elapsed 15.54
ITER 3 rows 2789 delta 0.16098352724215031 inner_min -3.883372845471294 outer_min [-1.8896124605451967] elapsed 15.99
ITER 4 rows 3184 delta 0.10283710339946776 inner_min -1.83487787306683 outer_min [-1.968043035979987] elapsed 16.59
ITER 5 rows 4125 delta 0.07594945828251831 inner_min -1.3548792819499293 outer_min [-1.9238571224939232] elapsed 17.08
ITER 6 rows 4731 delta 0.03488515067439795 inner_min -1.847986136418299 outer_min [-1.9638713260160723] elapsed 17.76
ITER 7 rows 5808 delta 0.024491580960595838 inner_min -0.8759142525700665 outer_min [-1.9752649140733642] elapsed 18.26
ITER 8 rows 6775 delta 0.02227679134730425 inner_min -0.39055753025866413 outer_min [-1.9889160524843545] elapsed 19.43
ITER 9 rows 7624 delta 0.020793689492562852 inner_min -0.3043694398801993 outer_min [-1.9579950015884537] elapsed 20.47
ITER 10 rows 8295 delta 0.012020309115425992 inner_min -0.9619343909077129 outer_min [-1.9772461747195624] elapsed 21.32
ITER 11 rows 9146 delta 0.0065022393092399825 inner_min -0.25921231088023855 outer_min [-1.9674170039810766] elapsed 22.44
ITER 12 rows 9551 delta 0.0030404902589616606 inner_min -0.5719186401726355 outer_min [-1.9922784678366485] elapsed 23.55
ITER 13 rows 10494 delta 0.001360858228157751 inner_min -0.44079787085218003 outer_min [-0.30759239997529936] elapsed 24.92
ITER 14 rows 11116 delta 0.0006188822178639258 inner_min -0.04881706146797549 outer_min [-0.055903401882548054] elapsed 26.25
ITER 15 rows 11967 delta 0.00027395747678234084 inner_min -0.01927132324765335 outer_min [-0.14073388407997867] elapsed 27.43
ITER 16 rows 12748 delta 0.00018154204439514317 inner_min -0.005471503415885759 outer_min [-0.02626709388708237] elapsed 28.59
ITER 17 rows 13064 delta 7.566815156632355e-05 inner_min -0.022310683574633505 outer_min [-0.01721087329171167] elapsed 29.59
ITER 18 rows 13408 delta -0.0 inner_min -5.753619802817411e-12 outer_min [-0.06919006919008541] elapsed 30.34
RESULT NO_NEW_MATH FULL_NAMED41_HIST_MODEL_NO_POSITIVE_DUAL
