RARE EXISTENCE {'coeff': [-39, 1], 'K': -105001, 'forced': -38221470, 'gap': 1106}
OUTER 680004 TYPES 30
VARIABLES 81 INNER [1131, 371, 680]
ITER 0 rows 6 gap 1.9986321934290359 minimum -1.9957687712018493
ITER 1 rows 106 gap 0.683069536568831 minimum -3.7775819647666093
ITER 2 rows 206 gap 0.49859210349879796 minimum -3.4657464791765342
ITER 3 rows 306 gap 0.17020571284070748 minimum -2.9905149111281304
ITER 4 rows 406 gap 0.12982683771856374 minimum -0.4491182619823546
ITER 5 rows 506 gap 0.07457720407131706 minimum -1.3564459781291307
ITER 6 rows 606 gap 0.06937019918495647 minimum -1.441553924001641
ITER 7 rows 706 gap 0.06937019918495649 minimum -0.4438925074965625
ITER 8 rows 806 gap 0.06251163689032505 minimum -0.07474116211200998
ITER 9 rows 906 gap 0.06251163689032498 minimum -0.019711071359014065
ITER 10 rows 1006 gap 0.05739187434055059 minimum -0.025611867093955132
ITER 11 rows 1106 gap 0.056950177979017816 minimum 0.0513616015811621
ITER 12 rows 1157 gap 0.056950177979017816 minimum 0.05695017797901736
FOUND numerical certificate 0.056950177979017816
RECOVER 1000 GAP -64149 B -169267
RECOVER 10000 GAP -98107 B -1820127
RECOVER 100000 GAP 1864274 B -18355352
EXACT DISCOVERY PASS 1864274
