CASE (112, 111, 55) 3559 CERT None sec 2.64
CASE (112, 110, 56) 7011 CERT {'coeff': [6, -126, 1, 45, -2, 5, -1], 'K': 987011, 'forced': 359240217, 'gap': 31787} sec 0.02
CASE (111, 111, 56) 7003 CERT {'coeff': [111, 1108, -48, 747, -48, -37, -10], 'K': 28181414, 'forced': 10257855201, 'gap': 179495} sec 0.02
CASE (112, 109, 57) 11493 CERT {'coeff': [14, -260, 3, 72, -5, -13, -1], 'K': 2341486, 'forced': 851984106, 'gap': 316798} sec 0.02
CASE (111, 110, 57) 13737 CERT {'coeff': [200, 1373, -80, 1485, -73, -503, 1], 'K': 49840223, 'forced': 18136453536, 'gap': 5387636} sec 0.02
CASE (112, 108, 58) 37672 CERT {'coeff': [17, -297, 3, 28, -4, -27, -1], 'K': 2775553, 'forced': 1009717299, 'gap': 583993} sec 0.05
CASE (111, 109, 58) 22479 CERT {'coeff': [480, 3359, -175, 1217, -116, -1261, 1], 'K': 115064749, 'forced': 41860189539, 'gap': 23379097} sec 0.05
CASE (110, 110, 58) 26932 CERT {'coeff': [1542, 11193, -510, 6827, -510, -4045, -1], 'K': 378597454, 'forced': 137736174009, 'gap': 73299247} sec 0.03
CASE (112, 107, 59) 46336 CERT {'coeff': [20, -341, 1, -213, 4, -157, 4], 'K': 2556840, 'forced': 930501038, 'gap': 188722} sec 0.03
CASE (111, 108, 59) 74268 CERT {'coeff': [76, 406, -25, 99, -13, -300, 1], 'K': 17758672, 'forced': 6459315354, 'gap': 4841254} sec 0.06
CASE (110, 109, 59) 43975 CERT {'coeff': [3, 18, -1, -24, 0, -9, 0], 'K': 625254, 'forced': 227461431, 'gap': 131025} sec 0.04
CASE (112, 106, 60) 62062 CERT {'coeff': [19, -382, 2, -221, 4, -174, 3], 'K': 2183763, 'forced': 794665509, 'gap': 224223} sec 0.03
CASE (111, 107, 60) 90805 CERT {'coeff': [14, 14, -5, -139, 2, -101, 2], 'K': 2585392, 'forced': 940820148, 'gap': 262540} sec 0.06
CASE (110, 108, 60) 145610 CERT {'coeff': [12, 31, -3, -112, 1, -75, 1], 'K': 2356412, 'forced': 857497833, 'gap': 236135} sec 0.09
CASE (109, 109, 60) 64667 CERT {'coeff': [865, -901, -100, -7349, 53, -2823, -1], 'K': 167218712, 'forced': 60795342312, 'gap': 72268856} sec 0.04
CASE (112, 105, 61) 65660 CERT {'coeff': [9, -278, 3, -149, 3, -125, 4], 'K': 606224, 'forced': 220611006, 'gap': 54530} sec 0.04
CASE (111, 106, 61) 120401 CERT {'coeff': [3, 42, -2, -53, 1, -41, 1], 'K': 592178, 'forced': 215545923, 'gap': 6869} sec 0.05
CASE (110, 107, 61) 176965 CERT {'coeff': [108, -150, -32, -1058, 15, -759, 10], 'K': 19450323, 'forced': 7079320161, 'gap': 597411} sec 0.07
CASE (109, 108, 61) 215910 CERT {'coeff': [27, -12, -6, -237, 2, -156, 1], 'K': 5113380, 'forced': 1860671088, 'gap': 599232} sec 0.07
CASE (112, 104, 62) 66891 CERT {'coeff': [19, -517, 5, -257, 5, -229, 5], 'K': 1706480, 'forced': 621021115, 'gap': 137605} sec 0.03
CASE (111, 105, 62) 127324 CERT {'coeff': [19, 1127, -33, -831, 19, -157, 2], 'K': 5111009, 'forced': 1860220359, 'gap': 186917} sec 0.06
CASE (110, 106, 62) 233286 CERT {'coeff': [89, 6017, -171, -6131, 141, -364, 2], 'K': 20094505, 'forced': 7312560788, 'gap': 1839032} sec 0.23
CASE (109, 107, 62) 261103 CERT {'coeff': [36, 2296, -66, -2340, 52, -160, 1], 'K': 7836914, 'forced': 2852422920, 'gap': 213776} sec 0.13
CASE (108, 108, 62) 735517 CERT None sec 0.89
CASE (112, 103, 63) 68832 CERT {'coeff': [13, -486, 6, -225, 5, -206, 6], 'K': 620422, 'forced': 225831168, 'gap': 2440} sec 0.05
CASE (111, 104, 63) 129715 CERT {'coeff': [34, 2626, -73, -1716, 40, -623, 20], 'K': 10169476, 'forced': 3701413638, 'gap': 275626} sec 0.08
CASE (110, 105, 63) 246621 CERT None sec 1.1
CASE (109, 106, 63) 341856 CERT {'coeff': [60, 3176, -91, -8086, 189, -176, 1], 'K': 600611, 'forced': 218217051, 'gap': 405353} sec 0.15
CASE (108, 107, 63) 891737 CERT None sec 0.55
CASE (112, 102, 64) 71456 CERT {'coeff': [40, -2012, 31, -872, 20, -813, 26], 'K': -142127, 'forced': -51953352, 'gap': 219124} sec 0.04
CASE (111, 103, 64) 133490 CERT {'coeff': [101, 8011, -223, -4893, 114, -1614, 50], 'K': 31832784, 'forced': 11585337027, 'gap': 1796349} sec 0.07
CASE (110, 104, 64) 251134 CERT {'coeff': [13, 556, -16, -1377, 32, -164, 5], 'K': 819865, 'forced': 298326760, 'gap': 104100} sec 0.11
CASE (109, 105, 64) 361191 CERT {'coeff': [33, 2008, -57, -3560, 83, -149, 2], 'K': 3567324, 'forced': 1298278782, 'gap': 227154} sec 0.2
CASE (108, 106, 64) 1185798 CERT None sec 0.68
CASE (107, 107, 64) 1060605 CERT None sec 0.47
CASE (112, 101, 65) 72564 CERT {'coeff': [12, -2815, 64, -1143, 27, -298, 10], 'K': -8670724, 'forced': -3156269100, 'gap': 125564} sec 0.04
CASE (111, 102, 65) 138577 CERT {'coeff': [31, 1253, -35, -2806, 67, -756, 25], 'K': 3068113, 'forced': 1116376902, 'gap': 416230} sec 0.19
CASE (110, 103, 65) 258315 CERT None sec 1.2
CASE (109, 104, 65) 367774 CERT {'coeff': [31, 1805, -52, -3070, 72, -155, 2], 'K': 4001837, 'forced': 1456466650, 'gap': 202018} sec 0.73
CASE (108, 105, 65) 1255671 CERT None sec 1.04
CASE (107, 106, 65) 1430084 CERT None sec 1.15
CASE (112, 100, 66) 74380 CERT {'coeff': [16, -3537, 79, -1348, 32, -101, 3], 'K': -10155541, 'forced': -3696885231, 'gap': 268307} sec 0.04
CASE (111, 101, 66) 140780 CERT {'coeff': [7, 280, -8, -596, 14, -154, 5], 'K': 808553, 'forced': 294227712, 'gap': 85580} sec 0.06
CASE (110, 102, 66) 268042 CERT {'coeff': [32, 1364, -38, -3019, 72, -642, 20], 'K': 3164985, 'forced': 1152045783, 'gap': 8757} sec 0.18
CASE (109, 103, 66) 378303 CERT {'coeff': [8, 419, -12, -768, 18, -53, 1], 'K': 1006092, 'forced': 366103581, 'gap': 113907} sec 0.17
CASE (108, 104, 66) 1279352 CERT None sec 0.61
CASE (107, 105, 66) 1511250 CERT None sec 0.83
CASE (106, 106, 66) 1948479 CERT None sec 1.09
CASE (112, 99, 67) 76862 CERT {'coeff': [100, -21389, 486, -7671, 185, -3294, 108], 'K': -61503600, 'forced': -22389330672, 'gap': 2020272} sec 0.07
CASE (111, 100, 67) 144373 CERT {'coeff': [20, 762, -21, -1629, 39, -620, 20], 'K': 2332480, 'forced': 848749605, 'gap': 273115} sec 0.08
CASE (110, 101, 67) 272253 CERT {'coeff': [28, 1152, -33, -2354, 56, -647, 20], 'K': 3354512, 'forced': 1220458789, 'gap': 583579} sec 0.18
CASE (109, 102, 67) 392600 CERT {'coeff': [171, 7917, -225, -15726, 373, -3393, 100], 'K': 19181658, 'forced': 6978983355, 'gap': 3140157} sec 0.23
CASE (108, 103, 67) 1316670 CERT None sec 0.84
CASE (107, 104, 67) 1535933 CERT None sec 0.9
CASE (106, 105, 67) 2055171 CERT None sec 1.84
CASE (112, 98, 68) 78062 CERT {'coeff': [50, -11457, 262, -3873, 94, -1805, 58], 'K': -33053122, 'forced': -12032111101, 'gap': 774693} sec 0.07
CASE (111, 99, 68) 149247 CERT {'coeff': [10, 367, -10, -791, 19, -327, 10], 'K': 1202316, 'forced': 437501925, 'gap': 141099} sec 0.1
CASE (110, 100, 68) 279179 CERT {'coeff': [13, 451, -13, -1083, 26, -325, 10], 'K': 1387185, 'forced': 504898135, 'gap': 37205} sec 0.13
CASE (109, 101, 68) 398876 CERT {'coeff': [9, 386, -11, -817, 19, -173, 5], 'K': 985524, 'forced': 358707240, 'gap': 23496} sec 0.19
CASE (108, 102, 68) 1367127 CERT None sec 0.82
CASE (107, 103, 68) 1576703 CERT None sec 0.96
CASE (106, 104, 68) 2084245 CERT None sec 1.02
CASE (105, 105, 68) 2160425 CERT None sec 1.83
CASE (112, 97, 69) 79926 CERT {'coeff': [100, -23228, 533, -7412, 180, -3986, 127], 'K': -66325738, 'forced': -24144946230, 'gap': 2377598} sec 0.06
CASE (111, 98, 69) 151625 CERT {'coeff': [12, 457, -13, -947, 23, -320, 10], 'K': 1604037, 'forced': 583844139, 'gap': 25329} sec 0.08
CASE (110, 99, 69) 288609 CERT {'coeff': [11, 393, -11, -963, 23, -328, 10], 'K': 1079559, 'forced': 392833179, 'gap': 126297} sec 0.22
CASE (109, 100, 69) 409016 CERT {'coeff': [8, 311, -9, -680, 16, -173, 5], 'K': 917852, 'forced': 334034868, 'gap': 63260} sec 0.2
CASE (108, 101, 69) 1387418 CERT None sec 1.11
CASE (107, 102, 69) 1632441 CERT None sec 0.82
CASE (106, 103, 69) 2132267 CERT None sec 1.21
CASE (105, 104, 69) 2191727 CERT None sec 1.27
CASE (112, 96, 70) 82401 CERT {'coeff': [20, -4373, 100, -1432, 35, -923, 29], 'K': -12451347, 'forced': -4532602659, 'gap': 312351} sec 0.05
CASE (111, 97, 70) 155230 CERT {'coeff': [10, 357, -10, -750, 18, -353, 11], 'K': 1291251, 'forced': 469938180, 'gap': 77184} sec 0.08
CASE (110, 98, 70) 292946 CERT {'coeff': [214, 7410, -211, -16365, 395, -6658, 200], 'K': 26360921, 'forced': 9590463805, 'gap': 4911439} sec 0.18
CASE (109, 99, 70) 422771 CERT {'coeff': [20, 742, -21, -1624, 39, -679, 20], 'K': 2208148, 'forced': 803515986, 'gap': 249886} sec 0.21
CASE (108, 100, 70) 1420747 CERT None sec 0.57
CASE (107, 101, 70) 1653110 CERT None sec 0.61
CASE (106, 102, 70) 2197946 CERT None sec 1.47
CASE (105, 103, 70) 2243282 CERT None sec 0.87
CASE (104, 104, 70) 2220871 CERT None sec 0.79
CASE (112, 95, 71) 83589 CERT {'coeff': [100, -20743, 477, -6984, 173, -4983, 155], 'K': -58548048, 'forced': -21314507669, 'gap': 3018197} sec 0.05
CASE (111, 96, 71) 160021 CERT {'coeff': [54, 1800, -50, -3845, 94, -2070, 63], 'K': 7103744, 'forced': 2584446669, 'gap': 1316147} sec 0.07
CASE (110, 97, 71) 299670 CERT {'coeff': [55, 1756, -50, -4222, 103, -1833, 54], 'K': 6382836, 'forced': 2322088909, 'gap': 1263395} sec 0.15
CASE (109, 98, 71) 428875 CERT {'coeff': [21, 700, -20, -1525, 37, -821, 24], 'K': 2467462, 'forced': 898098924, 'gap': 57244} sec 0.19
CASE (108, 99, 71) 1466427 CERT None sec 0.58
CASE (107, 100, 71) 1688819 CERT None sec 1.69
CASE (106, 101, 71) 2220451 CERT None sec 1.32
CASE (105, 102, 71) 2313434 CERT None sec 1.12
CASE (104, 103, 71) 2274691 CERT None sec 2.05
CASE (112, 94, 72) 85317 CERT {'coeff': [20, -4422, 102, -1408, 35, -960, 29], 'K': -12453932, 'forced': -4533570180, 'gap': 338932} sec 0.05
CASE (111, 95, 72) 162158 CERT {'coeff': [29, 720, -20, -1969, 49, -1491, 45], 'K': 2959778, 'forced': 1077293412, 'gap': 65780} sec 0.07
CASE (110, 96, 72) 308612 CERT {'coeff': [4, 106, -3, -297, 7, -139, 4], 'K': 425504, 'forced': 154872378, 'gap': 11078} sec 0.21
CASE (109, 97, 72) 438342 CERT {'coeff': [218, 7040, -200, -17047, 415, -8044, 233], 'K': 23487246, 'forced': 8547254280, 'gap': 2103264} sec 0.37
CASE (108, 98, 72) 1483055 CERT None sec 1.08
CASE (107, 99, 72) 1738289 CERT None sec 1.79
CASE (106, 100, 72) 2260528 CERT None sec 1.96
CASE (105, 101, 72) 2337670 CERT None sec 1.31
CASE (104, 102, 72) 2347320 CERT None sec 2.07
CASE (103, 103, 72) 2327465 CERT None sec 1.48
STAGE COMPLETE 60
ROOT (None, [((np.int64(93), np.int64(93), np.int64(92)), 0.5579185588779478), ((np.int64(98), np.int64(98), np.int64(82)), 0.39814465730549653), ((np.int64(112), np.int64(111), np.int64(55)), 0.043936783816555657)])
