CASE (112, 111, 55) 3342 CERT None sec 1.31
CASE (108, 108, 62) 718571 CERT None sec 0.65
CASE (110, 105, 63) 233275 CERT {'coeff': [20, 1108, -31, -872, 20, -709, 23], 'K': 4719246, 'forced': 1717344882, 'gap': 460662} sec 0.13
CASE (108, 107, 63) 870235 CERT None sec 0.48
CASE (108, 106, 64) 1153244 CERT None sec 0.86
CASE (107, 107, 64) 1033358 CERT None sec 0.4
CASE (110, 103, 65) 243091 CERT {'coeff': [3, 143, -4, -139, 3, -123, 4], 'K': 613363, 'forced': 223253337, 'gap': 10795} sec 0.11
CASE (108, 105, 65) 1217610 CERT None sec 0.67
CASE (107, 106, 65) 1385875 CERT None sec 1.01
CASE (108, 104, 66) 1237938 CERT None sec 0.45
CASE (107, 105, 66) 1460222 CERT None sec 0.59
CASE (106, 106, 66) 1880304 CERT None sec 1.38
CASE (108, 103, 67) 1270841 CERT None sec 0.56
CASE (107, 104, 67) 1481004 CERT None sec 0.56
CASE (106, 105, 67) 1978302 CERT None sec 0.93
CASE (108, 102, 68) 1316077 CERT None sec 0.54
CASE (107, 103, 68) 1516694 CERT None sec 0.6
CASE (106, 104, 68) 2002603 CERT None sec 0.92
CASE (105, 105, 68) 2075396 CERT None sec 0.9
CASE (108, 101, 69) 1331725 CERT None sec 0.59
CASE (107, 102, 69) 1566517 CERT None sec 1.38
CASE (106, 103, 69) 2044597 CERT None sec 1.55
CASE (105, 104, 69) 2101596 CERT None sec 0.88
CASE (108, 100, 70) 1359740 CERT None sec 0.53
CASE (107, 101, 70) 1582098 CERT None sec 1.01
CASE (106, 102, 70) 2103333 CERT None sec 1.93
CASE (105, 103, 70) 2146609 CERT None sec 0.96
CASE (104, 104, 70) 2124689 CERT None sec 1.17
CASE (108, 99, 71) 1399888 CERT None sec 0.59
CASE (107, 100, 71) 1612193 CERT None sec 0.63
CASE (106, 101, 71) 2120213 CERT None sec 1.22
CASE (105, 102, 71) 2209507 CERT None sec 1.08
CASE (104, 103, 71) 2171538 CERT None sec 1.15
CASE (108, 98, 72) 1411828 CERT None sec 0.65
CASE (107, 99, 72) 1656245 CERT None sec 0.64
CASE (106, 100, 72) 2154356 CERT None sec 1.11
CASE (105, 101, 72) 2228249 CERT None sec 0.92
CASE (104, 102, 72) 2236716 CERT None sec 0.92
CASE (103, 103, 72) 2218872 CERT None sec 2.37
STAGE COMPLETE 2
ROOT (None, [((np.int64(93), np.int64(93), np.int64(92)), 0.5579185588779478), ((np.int64(98), np.int64(98), np.int64(82)), 0.39814465730549653), ((np.int64(112), np.int64(111), np.int64(55)), 0.043936783816555657)])
