CASE 0 N 40 anchor 20,20,0 raw 12 canonical 4 min -24680032676790 K -24680032676790 bound -95858610059180 gap 0
CASE 1 N 40 anchor 20,19,1 raw 108 canonical 36 min -15483110771281 K -15483110771281 bound -95858610058694 gap 0
CASE 2 N 40 anchor 20,18,2 raw 630 canonical 218 min -17216811662655 K -17216811662655 bound -95858610058783 gap 0
CASE 3 N 40 anchor 20,17,3 raw 951 canonical 317 min -16840723820942 K -16840723820942 bound -95858610058571 gap 0
CASE 4 N 40 anchor 20,16,4 raw 1194 canonical 398 min -17408255328602 K -17408255328602 bound -95858610057234 gap 0
CASE 5 N 40 anchor 20,15,5 raw 1431 canonical 503 min -15830889723609 K -15830889723609 bound -95858610059150 gap 0
CASE 6 N 40 anchor 20,14,6 raw 1764 canonical 588 min -15217740002641 K -15217740002641 bound -95858610057034 gap 0
CASE 7 N 40 anchor 20,13,7 raw 2046 canonical 682 min -15516465968410 K -15516465968410 bound -95858610058361 gap 0
CASE 8 N 40 anchor 20,12,8 raw 2244 canonical 790 min -14922562751006 K -14922562751006 bound -95858610058528 gap 0
CASE 9 N 40 anchor 20,11,9 raw 2313 canonical 771 min -15062787674972 K -15062787674972 bound -95858610055698 gap 0
CASE 10 N 40 anchor 20,10,10 raw 2304 canonical 768 min -14978914900455 K -14978914900455 bound -95858610059120 gap 0
CASE 11 N 40 anchor 19,19,2 raw 354 canonical 118 min -3449510822917 K -3449510822917 bound -95858610056689 gap 0
CASE 12 N 40 anchor 19,18,3 raw 1486 canonical 522 min -6495511861106 K -6495511861106 bound -95858610058080 gap 0
CASE 13 N 40 anchor 19,17,4 raw 1962 canonical 654 min -11359718505756 K -11359718505756 bound -95858610058524 gap 0
CASE 14 N 40 anchor 19,16,5 raw 2451 canonical 817 min -6025983681127 K -6025983681127 bound -95858610056029 gap 0
CASE 15 N 40 anchor 19,15,6 raw 2971 canonical 1053 min -10205704299465 K -10205704299465 bound -95858610058933 gap 0
CASE 16 N 40 anchor 19,14,7 raw 3444 canonical 1148 min -4585331144147 K -4585331144147 bound -95858610057755 gap 0
CASE 17 N 40 anchor 19,13,8 raw 3774 canonical 1258 min -9873792803595 K -9873792803595 bound -95858610057878 gap 0
CASE 18 N 40 anchor 19,12,9 raw 3886 canonical 1384 min -4346873425949 K -4346873425949 bound -95858610058022 gap 0
CASE 19 N 40 anchor 19,11,10 raw 3774 canonical 1258 min -9794428912626 K -9794428912626 bound -95858610059015 gap 0
CASE 20 N 40 anchor 18,18,4 raw 5103 canonical 1811 min -10050723529785 K -10050723529785 bound -95858610058385 gap 0
CASE 21 N 40 anchor 18,17,5 raw 6591 canonical 2197 min -10002335182834 K -10002335182834 bound -95858610057788 gap 0
CASE 22 N 40 anchor 18,16,6 raw 7410 canonical 2470 min -9736884572742 K -9736884572742 bound -95858610055702 gap 0
CASE 23 N 40 anchor 18,15,7 raw 7551 canonical 2707 min -8434054816777 K -8434054816777 bound -95858610058968 gap 0
CASE 24 N 40 anchor 18,14,8 raw 7170 canonical 2390 min -8133838894974 K -8133838894974 bound -95967480625263 gap 0
CASE 25 N 40 anchor 18,13,9 raw 6459 canonical 2153 min -8154718001612 K -8154718001612 bound -95961635467634 gap 0
CASE 26 N 40 anchor 18,12,10 raw 5529 canonical 2039 min -7942751383563 K -7942751383563 bound -95858610057410 gap 0
CASE 27 N 40 anchor 18,11,11 raw 4542 canonical 1514 min -8315705402627 K -8315705402627 bound -95858610058756 gap 0
CASE 28 N 40 anchor 17,17,6 raw 3123 canonical 1041 min -8890250342966 K -8890250342966 bound -95858610057857 gap 0
CASE 29 N 40 anchor 17,16,7 raw 3129 canonical 1043 min -9881493034139 K -9881493034139 bound -95858610057504 gap 0
CASE 30 N 40 anchor 17,15,8 raw 2718 canonical 1024 min -7899374418398 K -7899374418398 bound -95858610058714 gap 0
CASE 31 N 40 anchor 17,14,9 raw 2205 canonical 735 min -9195621242473 K -9195621242473 bound -95858610057610 gap 0
CASE 32 N 40 anchor 17,13,10 raw 1692 canonical 564 min -7630114700167 K -7630114700167 bound -95858610058920 gap 0
CASE 33 N 40 anchor 17,12,11 raw 1233 canonical 489 min -8392606597116 K -8392606597116 bound -95858610058525 gap 0
CASE 34 N 40 anchor 16,16,8 raw 831 canonical 277 min -13861268856716 K -13861268856716 bound -95858610058940 gap 0
CASE 35 N 40 anchor 16,15,9 raw 702 canonical 288 min -10775395867669 K -10775395867669 bound -95858610058167 gap 0
CASE 36 N 40 anchor 16,14,10 raw 471 canonical 157 min -6271144800054 K -6271144800054 bound -95858610058766 gap 0
CASE 37 N 40 anchor 16,13,11 raw 282 canonical 94 min -351719719327 K -351719719327 bound -95858610058892 gap 0
CASE 38 N 40 anchor 16,12,12 raw 144 canonical 68 min -8168633157654 K -8168633157654 bound -95858610058851 gap 0
CASE 39 N 40 anchor 15,15,10 raw 123 canonical 63 min 78601947185180 K 78601947185180 bound -193428851257676 gap 0
CASE 40 N 40 anchor 15,14,11 raw 93 canonical 31 min 104647211363921 K 104647211363921 bound -314246851382388 gap 0
CASE 41 N 40 anchor 15,13,12 raw 36 canonical 12 min 103706199157076 K 103706199157076 bound -350843255061440 gap 0
CASE 42 N 40 anchor 14,14,12 raw 3 canonical 1 min 108724404852522 K 108724404852522 bound -400352534167998 gap 0
CASE 43 N 40 anchor 14,13,13 raw 0 canonical 0 min EMPTY K 0 bound 0 gap 0
CASE 44 N 275 anchor 106,105,64 raw 7641132 canonical 2571792 min -20583525751662 K -20583525751662 bound -7492424949859218 gap 21576254250
PASS cases 45 raw 7747371 canonical 2608247 seconds 11.917
