DOMAINS 58 52 64439 95343 2460769
ITER 0 rows 862 delta 1.786425359794046 inner_min -4.521773493107327 outer_min [-2.372960473020649] elapsed 11.78
ITER 1 rows 2046 delta 0.8754754106610166 inner_min -2.2044878552737384 outer_min [-3.8887308575823716] elapsed 11.84
ITER 2 rows 2497 delta 0.8016156926038311 inner_min -1.2292873553552206 outer_min [-3.193314390254719] elapsed 11.91
ITER 3 rows 3346 delta 0.5725371847136652 inner_min -3.9106817253460866 outer_min [-3.3663939640366514] elapsed 12.08
ITER 4 rows 4561 delta 0.23921173033775867 inner_min -2.1442909527739222 outer_min [-3.532492514551976] elapsed 12.45
ITER 5 rows 5752 delta 0.14061900816630715 inner_min -2.349014529826541 outer_min [-2.7899217983113753] elapsed 12.83
ITER 6 rows 6924 delta 0.11382407461095446 inner_min -1.4920306508117462 outer_min [-2.5948129652214353] elapsed 13.63
ITER 7 rows 7945 delta 0.10445250123851145 inner_min -1.0890892655255284 outer_min [-2.7216476555475837] elapsed 15.07
ITER 8 rows 8956 delta 0.08527230258906619 inner_min -0.929292763170066 outer_min [-3.298511217380934] elapsed 16.09
ITER 9 rows 9941 delta 0.06198084396984238 inner_min -0.7514401296389323 outer_min [-0.8681576773791175] elapsed 17.65
ITER 10 rows 10805 delta 0.0355665878215908 inner_min -0.93519555065102 outer_min [-1.9658460410585166] elapsed 18.98
ITER 11 rows 11550 delta 0.013417817585997041 inner_min -0.20574649467453443 outer_min [-1.1499815927366641] elapsed 20.53
ITER 12 rows 12153 delta 0.007982512207731792 inner_min -0.136224216747018 outer_min [-0.8934649301376083] elapsed 22.02
ITER 13 rows 13098 delta 0.0071027567032467594 inner_min -0.15190432401989817 outer_min [-0.8092777414657869] elapsed 24.7
ITER 14 rows 13637 delta 0.0051962494655273875 inner_min -0.09111659586154441 outer_min [-1.252687714077231] elapsed 27.03
ITER 15 rows 14123 delta 0.004703765685562096 inner_min -0.11719595043880204 outer_min [-1.1467105438742644] elapsed 28.88
ITER 16 rows 14427 delta 0.004501385115185056 inner_min -0.20281224297052614 outer_min [-1.2833235273226666] elapsed 30.64
ITER 17 rows 14688 delta 0.004022585092812117 inner_min -0.18396752452311227 outer_min [-0.6426176930272754] elapsed 33.13
ITER 18 rows 14985 delta 0.0036690184521632266 inner_min -0.0715834019917434 outer_min [-0.3884594713696643] elapsed 35.79
ITER 19 rows 15174 delta 0.002707118017669454 inner_min -0.08125139497398715 outer_min [-0.2647460867345486] elapsed 38.17
ITER 20 rows 15424 delta -0.0 inner_min -0.04713494908964677 outer_min [-9.67847330057836e-13] elapsed 40.19
RESULT NO_NEW_MATH ACTUAL_NAMED18_PAIR_MODEL_NO_POSITIVE_DUAL
