LOCAL_SUPPORTS 96 {16: 30, 17: 30, 18: 24, 41: 6, 42: 6}
DOMAINS 12 17 132 14 [(400, 43, 36455), (401, 43, 36455), (402, 43, 36455), (106, 14, 94242)] 2460769
ITER 0 rows 16998 delta 2.2860411472455398 inner_min -6.763326540933553 outer_min [-1.8680088664359604] elapsed 8.44
ITER 1 rows 18425 delta 1.1864721455797747 inner_min -3.792278055054772 outer_min [-3.1993243326557663] elapsed 8.6
ITER 2 rows 19250 delta 0.951674072989262 inner_min -2.575363755731768 outer_min [-3.050157049210091] elapsed 8.85
ITER 3 rows 19780 delta 0.49840406460436093 inner_min -2.578860963210009 outer_min [-3.386737937267134] elapsed 9.08
ITER 4 rows 21154 delta 0.1558444258573946 inner_min -2.2951655133890423 outer_min [-1.8084917660513646] elapsed 9.46
ITER 5 rows 23079 delta 0.12823318901207734 inner_min -2.4755131319636026 outer_min [-2.3780903508940883] elapsed 10.56
ITER 6 rows 24744 delta 0.11500123179949491 inner_min -1.9696764631585173 outer_min [-2.7053810635602513] elapsed 11.77
ITER 7 rows 26113 delta 0.0929528821574194 inner_min -1.6441897092144961 outer_min [-2.709258340301617] elapsed 13.67
ITER 8 rows 27440 delta 0.06223833457820675 inner_min -1.7913236732237086 outer_min [-2.8381013382071716] elapsed 16.18
ITER 9 rows 28668 delta 0.05112730704487656 inner_min -1.409843194580731 outer_min [-1.5393211024259896] elapsed 19.77
ITER 10 rows 29896 delta 0.05057925663956685 inner_min -1.9365673905551835 outer_min [-1.384156636904325] elapsed 24.03
ITER 11 rows 31042 delta 0.050568853814425434 inner_min -0.5794181980211928 outer_min [-1.3211397421192848] elapsed 29.45
ITER 12 rows 32170 delta 0.05018968994281992 inner_min -0.6591279552063978 outer_min [-3.126940651179943] elapsed 34.86
ITER 13 rows 33576 delta 0.04978649070718819 inner_min -2.1958905541321463 outer_min [-3.1479305092313252] elapsed 41.66
ITER 14 rows 34672 delta 0.04909351026319095 inner_min -1.2226433296177779 outer_min [-3.1943024192452256] elapsed 47.91
ITER 15 rows 35206 delta 0.048629586250220146 inner_min -0.34003069446008194 outer_min [-3.117739920408143] elapsed 56.58
ITER 16 rows 36022 delta 0.04800158296464336 inner_min -0.48899582557566845 outer_min [-3.175762587929545] elapsed 65.24
ITER 17 rows 36579 delta 0.04437915945126934 inner_min -0.4861016905694612 outer_min [-3.1387734022577476] elapsed 74.45
ITER 18 rows 37429 delta 0.04127544038456133 inner_min -0.11877075151055216 outer_min [-1.743500036442362] elapsed 87.64
ITER 19 rows 37863 delta 0.04103279274185023 inner_min -0.090955689077165 outer_min [-1.2450943332047708] elapsed 97.48
ITER 20 rows 38126 delta 0.03663286051467805 inner_min -0.1423035240805413 outer_min [-1.7449223266793426] elapsed 108.75
ITER 21 rows 38777 delta 0.03568275494581993 inner_min -0.3886079778493078 outer_min [-1.705805039080205] elapsed 121.89
ITER 22 rows 39348 delta 0.035321531045710626 inner_min -0.3274921661518 outer_min [-3.0252549259890067] elapsed 136.2
ITER 23 rows 40025 delta 0.03306259813555542 inner_min -0.08603544287916198 outer_min [-1.1621743228910435] elapsed 146.67
ITER 24 rows 40555 delta 0.03179353935458114 inner_min -0.12265137515710156 outer_min [-0.9052289161141944] elapsed 159.98
ITER 25 rows 40984 delta 0.029102912575392343 inner_min -0.15206964084763186 outer_min [-0.5485817785525632] elapsed 173.59
ITER 26 rows 41662 delta 0.01914333134437092 inner_min -0.20900528919223485 outer_min [-0.30083831200680283] elapsed 192.34
ITER 27 rows 42163 delta 0.015080473400384872 inner_min -0.11487073614398452 outer_min [-0.27320704004672985] elapsed 202.41
ITER 28 rows 42786 delta 0.013441900173818449 inner_min -0.0849120840681685 outer_min [-0.22887297861167022] elapsed 213.31
ITER 29 rows 43178 delta 0.010677333243846553 inner_min -0.17752921917155207 outer_min [-0.1985241153579259] elapsed 227.74
ITER 30 rows 44254 delta 0.007343551047456044 inner_min -0.2393425261170361 outer_min [-0.14701918963023802] elapsed 242.22
ITER 31 rows 45017 delta 0.0039019694781553486 inner_min -0.27948017208282655 outer_min [-0.09248956233506134] elapsed 261.45
ITER 32 rows 46019 delta 0.0030354896030461752 inner_min -0.039979561402497255 outer_min [-0.0629860876407205] elapsed 282.58
ITER 33 rows 46908 delta 0.0024329473007805307 inner_min -0.04012333339105428 outer_min [-0.047493791323318005] elapsed 299.1
ITER 34 rows 47733 delta 0.0022385032895780566 inner_min -0.058523525917569374 outer_min [-0.037840418367094286] elapsed 321.85
ITER 35 rows 48109 delta 0.0017773061001483657 inner_min -0.08472804424428415 outer_min [-0.07331712785405253] elapsed 340.68
ITER 36 rows 48485 delta 0.0015044056306355075 inner_min -0.03238229515422619 outer_min [-0.023069625288688334] elapsed 365.81
ITER 37 rows 48806 delta 0.0011110589276356157 inner_min -0.035295340758912275 outer_min [-0.030504277634603616] elapsed 382.0
ITER 38 rows 49006 delta 0.00090293049602564 inner_min -0.020249150828390405 outer_min [-0.01032291049897599] elapsed 400.23
ITER 39 rows 49302 delta 0.0006232620740544981 inner_min -0.016476334971045725 outer_min [-0.017754858328951073] elapsed 416.26
ITER 40 rows 49431 delta 0.0005933746850877377 inner_min -0.010536284581587951 outer_min [-0.009982226175242442] elapsed 434.22
ITER 41 rows 49558 delta 0.00048120014131962244 inner_min -0.00992444582570795 outer_min [-0.003276909419446708] elapsed 445.96
ITER 42 rows 49680 delta 0.00022310139534252092 inner_min -0.0067496699423226225 outer_min [-0.003523844923421074] elapsed 458.32
ITER 43 rows 49770 delta 0.00015653664854503832 inner_min -0.03738294251526675 outer_min [-0.000161671087102494] elapsed 469.97
ITER 44 rows 49849 delta 0.00014896222922182518 inner_min -0.018494871220329334 outer_min [0.00014896222916255253] elapsed 483.67
ITER 45 rows 49877 delta 0.00014896222922121302 inner_min -0.006440285408498392 outer_min [0.00014896222922022861] elapsed 497.51
ITER 46 rows 49917 delta 0.00014896222922118027 inner_min -0.004892772536253642 outer_min [0.00014896222921934044] elapsed 511.56
ITER 47 rows 49941 delta 0.00014896222922027543 inner_min -0.019909579658310583 outer_min [0.0001489622292132342] elapsed 525.6
ITER 48 rows 49957 delta 0.0001489622292213161 inner_min -0.007589899990065541 outer_min [0.0001489622292186743] elapsed 541.29
ITER 49 rows 49965 delta 0.000148962229223701 inner_min -0.0036821813755607558 outer_min [0.0001489622291130921] elapsed 554.25
RESULT NO_NEW_MATH BATCH_WALL_LIMIT
