DOMAINS 136 130 93635 95343 2460769
ITER 0 rows 1996 delta 1.7864253597940463 inner_min -4.521773493107327 outer_min [-2.37296047302065] elapsed 11.46
ITER 1 rows 4794 delta 0.8754754106610177 inner_min -2.18088551692368 outer_min [-3.888730857582374] elapsed 11.6
ITER 2 rows 6558 delta 0.8016156926038308 inner_min -1.486959737836935 outer_min [-3.1933143902547196] elapsed 11.8
ITER 3 rows 7789 delta 0.5419861380129042 inner_min -3.728112691343203 outer_min [-3.7388107690923134] elapsed 12.37
ITER 4 rows 10304 delta 0.20813230092366505 inner_min -3.32966055098884 outer_min [-2.8009319194749676] elapsed 13.7
ITER 5 rows 12625 delta 0.15350526141289922 inner_min -1.5723948674904047 outer_min [-2.8566733001439673] elapsed 16.26
ITER 6 rows 14198 delta 0.10625465516599022 inner_min -1.3286158625666424 outer_min [-3.2802565561921417] elapsed 18.77
ITER 7 rows 15695 delta 0.09244068606659335 inner_min -1.07225604108379 outer_min [-3.3145963595398515] elapsed 21.94
ITER 8 rows 16814 delta 0.08148972583624181 inner_min -0.7484898610824755 outer_min [-3.202568167672094] elapsed 24.74
ITER 9 rows 17916 delta 0.06510192531796358 inner_min -0.48573697650077896 outer_min [-3.170111451492476] elapsed 28.82
ITER 10 rows 18647 delta 0.05999363425775644 inner_min -1.621116776893703 outer_min [-1.3181358014819557] elapsed 32.42
ITER 11 rows 19301 delta 0.050924881369405976 inner_min -0.5473544401657313 outer_min [-0.9679567517713812] elapsed 35.61
ITER 12 rows 19985 delta 0.030757587651617426 inner_min -0.28161620956825156 outer_min [-1.4399260640206675] elapsed 38.79
ITER 13 rows 21339 delta 0.02021645976557408 inner_min -0.15582173096080565 outer_min [-1.0565480757670493] elapsed 44.82
ITER 14 rows 22012 delta 0.018867659846629536 inner_min -0.28212087991028234 outer_min [-1.3842464981297682] elapsed 50.68
ITER 15 rows 22770 delta 0.01795798772823067 inner_min -0.14145116749763575 outer_min [-1.3556063441708126] elapsed 56.97
ITER 16 rows 23417 delta 0.017701011485362992 inner_min -0.060555809506678715 outer_min [-1.506781947213034] elapsed 61.72
ITER 17 rows 23757 delta 0.01747725227388261 inner_min -0.13712583279834914 outer_min [-1.3559382596557774] elapsed 68.32
ITER 18 rows 24152 delta 0.017219074340215662 inner_min -0.15871137638678967 outer_min [-1.2429323927424873] elapsed 75.15
ITER 19 rows 24376 delta 0.016761866177856667 inner_min -0.03137805633350205 outer_min [-1.1193471405269149] elapsed 81.93
ITER 20 rows 24658 delta 0.016761866177856955 inner_min -0.030330167095869442 outer_min [-1.1650834520794686] elapsed 86.44
ITER 21 rows 24866 delta 0.01676186617785679 inner_min -0.07574914343676831 outer_min [-0.9193159720601848] elapsed 96.32
ITER 22 rows 25068 delta 0.016761866177856587 inner_min -0.1335660503339693 outer_min [-1.07703830535162] elapsed 106.06
ITER 23 rows 25258 delta 0.01630042533065359 inner_min -0.01736972649219848 outer_min [-0.8192884329285365] elapsed 113.22
ITER 24 rows 25456 delta 0.013841909146766081 inner_min -0.4033589022968075 outer_min [-0.44734469270138477] elapsed 119.89
ITER 25 rows 25705 delta 0.012985232916523285 inner_min -0.06386931643350813 outer_min [-0.36941171464862893] elapsed 125.48
ITER 26 rows 25846 delta 0.01192975492006137 inner_min -0.14577356159065258 outer_min [-0.2915280952941271] elapsed 132.24
ITER 27 rows 26770 delta 0.009712617082482338 inner_min -0.19598786644727928 outer_min [-0.24690604476934658] elapsed 138.38
ITER 28 rows 28073 delta 0.002905723871215974 inner_min -0.07624951383032053 outer_min [-0.2589955629525715] elapsed 146.71
ITER 29 rows 28970 delta 0.001004194742026668 inner_min -0.04157062468838835 outer_min [-0.18062882678760134] elapsed 155.24
ITER 30 rows 29705 delta 0.0008031249018705316 inner_min -0.24760816926337093 outer_min [-0.1218995173320208] elapsed 164.2
ITER 31 rows 30035 delta 0.0007996966664702667 inner_min -0.003807817801356528 outer_min [-0.10495013620395242] elapsed 171.71
ITER 32 rows 30191 delta 0.0005417376612634104 inner_min -0.013156289551777278 outer_min [-0.13089076472009814] elapsed 179.34
ITER 33 rows 30524 delta 0.0004943703862759007 inner_min -0.03510749709381589 outer_min [-0.06724144289351859] elapsed 190.38
ITER 34 rows 30780 delta 0.00028999537264229856 inner_min -0.027767664314318763 outer_min [-0.06234292313192224] elapsed 198.03
ITER 35 rows 31020 delta -0.0 inner_min -0.01810430629027937 outer_min [-1.3908318940991649e-13] elapsed 205.29
RESULT NO_NEW_MATH FULL20_CLASS18_HIST_MODEL_NO_POSITIVE_DUAL
