0 111,108,56 mincase=0 state=-1,-1,-1 count=252726 minimum=57685742 gap=268610
1 110,109,56 mincase=0 state=-1,-1,-1 count=152148 minimum=134488263 gap=160241
2 109,109,57 mincase=0 state=-1,-1,-1 count=224340 minimum=122185670 gap=8572688
3 112,105,58 mincase=0 state=-1,-1,-1 count=241029 minimum=-115998619 gap=1225121
4 111,106,58 mincase=0 state=-1,-1,-1 count=446652 minimum=599606906 gap=1832054
5 112,104,59 mincase=0 state=-1,-1,-1 count=248631 minimum=-11849300 gap=81886
6 111,105,59 mincase=0 state=-1,-1,-1 count=468369 minimum=18243714 gap=151734
7 112,103,60 mincase=0 state=-1,-1,-1 count=256104 minimum=-261053941 gap=2950859
8 111,104,60 mincase=0 state=-1,-1,-1 count=483243 minimum=7110610 gap=785152
9 112,102,61 mincase=0 state=-1,-1,-1 count=263442 minimum=-23877644 gap=68749
10 111,103,61 mincase=0 state=-1,-1,-1 count=497847 minimum=11222046 gap=720432
11 111,102,62 mincase=0 state=-1,-1,-1 count=512169 minimum=66879865 gap=1046965
12 112,108,55 mincase=1 state=1,0,-1 count=120624 minimum=-8614523 gap=5251
13 112,108,55 mincase=1 state=1,1,-1 count=55350 minimum=2797360 gap=392927
14 111,109,55 mincase=1 state=1,1,-1 count=76596 minimum=5387257 gap=506094
15 110,110,55 mincase=1 state=1,1,-1 count=91923 minimum=3519641 gap=161517
16 112,107,56 mincase=1 state=1,0,-1 count=160125 minimum=-21956215 gap=655644
17 112,107,56 mincase=1 state=1,1,-1 count=72507 minimum=1375145 gap=361727
18 112,106,57 mincase=1 state=-1,-1,-1 count=227895 minimum=-40149653 gap=327607
19 111,107,57 mincase=1 state=-1,-1,-1 count=322758 minimum=553842 gap=165717
20 110,108,57 mincase=1 state=-1,-1,-1 count=495800 minimum=99812008 gap=4956268
21 110,107,58 mincase=1 state=-1,-1,-1 count=631785 minimum=189600137 gap=4091881
22 109,108,58 mincase=1 state=-1,-1,-1 count=737370 minimum=22284194 gap=200846
23 110,106,59 mincase=1 state=-1,-1,-1 count=862701 minimum=33519474 gap=55459
24 109,107,59 mincase=1 state=1,0,-1 count=914058 minimum=11107924154 gap=1622640707
25 109,107,59 mincase=1 state=1,1,-1 count=409689 minimum=1846123 gap=87625
26 108,108,59 mincase=1 state=0,0,-1 count=2352045 minimum=8740613 gap=265872
27 108,108,59 mincase=1 state=0,1,-1 count=1010985 minimum=8095336 gap=1906906
28 108,108,59 mincase=1 state=1,0,-1 count=1058430 minimum=8095336 gap=1906906
29 108,108,59 mincase=1 state=1,1,-1 count=465468 minimum=3618926 gap=1082081
30 110,105,60 mincase=1 state=-1,-1,-1 count=901583 minimum=34701136 gap=1222354
31 109,106,60 mincase=1 state=1,0,-1 count=1254708 minimum=1953542929 gap=228490718
32 109,106,60 mincase=1 state=1,1,-1 count=507903 minimum=17071672 gap=5935291
33 108,107,60 mincase=1 state=0,1,-1 count=1334307 minimum=12024763 gap=941363
34 108,107,60 mincase=1 state=1,0,-1 count=1364049 minimum=9198297 gap=164596
35 108,107,60 mincase=1 state=1,1,-1 count=607197 minimum=7780698 gap=1132322
36 110,104,61 mincase=1 state=-1,-1,-1 count=922272 minimum=15606074 gap=190402
37 109,105,61 mincase=1 state=-1,-1,-1 count=1320858 minimum=821965 gap=8653
38 108,106,61 mincase=1 state=0,1,-1 count=1672551 minimum=11850957 gap=748239
39 108,106,61 mincase=1 state=1,0,-1 count=1860426 minimum=-263136222 gap=175474362
40 108,106,61 mincase=1 state=1,1,-1 count=753513 minimum=1751495 gap=23770
41 107,107,61 mincase=1 state=0,1,-1 count=1637454 minimum=4429631558 gap=436010630
42 107,107,61 mincase=1 state=1,0,-1 count=1647048 minimum=4429631558 gap=436010630
43 107,107,61 mincase=1 state=1,1,-1 count=728841 minimum=60987036 gap=16418019
44 110,103,62 mincase=1 state=-1,-1,-1 count=935895 minimum=15901259 gap=662488
45 109,104,62 mincase=1 state=-1,-1,-1 count=1352166 minimum=3157537 gap=203789
46 108,105,62 mincase=1 state=0,0,-1 count=4403910 minimum=-76588932 gap=383741
47 108,105,62 mincase=1 state=0,1,-1 count=2017917 minimum=10301073 gap=922840
48 108,105,62 mincase=1 state=1,0,-1 count=1939572 minimum=-17043491 gap=5394134
49 108,105,62 mincase=1 state=1,1,-1 count=903225 minimum=4186070 gap=1155355
50 107,106,62 mincase=1 state=0,1,-1 count=2042238 minimum=189521195 gap=329376778
51 107,106,62 mincase=1 state=1,0,-1 count=2242800 minimum=-850619980 gap=218789384
52 107,106,62 mincase=1 state=1,1,-1 count=905043 minimum=1803235 gap=280242
53 110,102,63 mincase=1 state=-1,-1,-1 count=933557 minimum=675662 gap=2126
54 109,103,63 mincase=1 state=-1,-1,-1 count=1359378 minimum=2829362 gap=456509
55 108,104,63 mincase=1 state=0,0,-1 count=4520898 minimum=-3604965 gap=790520
56 108,104,63 mincase=1 state=0,1,-1 count=2362329 minimum=8765170 gap=387670
57 108,104,63 mincase=1 state=1,0,-1 count=1983237 minimum=-6390127 gap=1281618
58 108,104,63 mincase=1 state=1,1,-1 count=1054683 minimum=4909028 gap=563954
59 107,105,63 mincase=1 state=0,1,-1 count=2442284 minimum=115351447 gap=388052194
60 107,105,63 mincase=1 state=1,0,-1 count=2324717 minimum=-610163 gap=340567
61 107,105,63 mincase=1 state=1,1,-1 count=1082105 minimum=4037841 gap=961517
62 106,106,63 mincase=1 state=0,1,-1 count=2709195 minimum=-289580286 gap=273250428
63 106,106,63 mincase=1 state=1,0,-1 count=2805879 minimum=-289580286 gap=273250428
64 106,106,63 mincase=1 state=1,1,-1 count=1132989 minimum=1956072 gap=380831
65 109,102,64 mincase=1 state=-1,-1,-1 count=1351920 minimum=474949 gap=80182
66 108,103,64 mincase=1 state=0,0,-1 count=4589211 minimum=-1659334 gap=696711
67 108,103,64 mincase=1 state=0,1,-1 count=2681868 minimum=9664610 gap=529825
68 108,103,64 mincase=1 state=1,0,-1 count=2004903 minimum=-2352990 gap=577406
69 108,103,64 mincase=1 state=1,1,-1 count=1196649 minimum=1312579 gap=239442
70 107,104,64 mincase=1 state=0,0,-1 count=5539395 minimum=-2775845221 gap=71180337
71 107,104,64 mincase=1 state=0,1,-1 count=2829573 minimum=7817826 gap=407891748
72 107,104,64 mincase=1 state=1,0,-1 count=2361003 minimum=-1650076 gap=691556
73 107,104,64 mincase=1 state=1,1,-1 count=1256676 minimum=3435908 gap=185737
74 106,105,64 mincase=1 state=0,1,-1 count=3233760 minimum=-564373737 gap=328023657
75 106,105,64 mincase=1 state=1,0,-1 count=2904681 minimum=-247824 gap=37452
76 106,105,64 mincase=1 state=1,1,-1 count=1353990 minimum=3730182 gap=196768
77 108,102,65 mincase=1 state=-1,-1,-1 count=4673910 minimum=-1412664 gap=42780
78 107,103,65 mincase=1 state=-1,-1,-1 count=5636610 minimum=-5502240 gap=119172
79 106,104,65 mincase=1 state=0,0,-1 count=7648950 minimum=-10684844664 gap=259431642
80 106,104,65 mincase=1 state=0,1,-1 count=3716358 minimum=-266999640 gap=409856455
81 106,104,65 mincase=1 state=1,0,-1 count=2927883 minimum=-7580442 gap=1458994
82 106,104,65 mincase=1 state=1,1,-1 count=1561713 minimum=3633480 gap=833998
83 105,105,65 mincase=1 state=0,1,-1 count=3357678 minimum=-3068022 gap=789448
84 105,105,65 mincase=1 state=1,0,-1 count=3428892 minimum=-3068022 gap=789448
85 105,105,65 mincase=1 state=1,1,-1 count=1601052 minimum=2572694 gap=386298
86 106,103,66 mincase=1 state=-1,-1,-1 count=7642020 minimum=-8960505 gap=275235
87 105,104,66 mincase=1 state=-1,-1,-1 count=7969809 minimum=-32677495 gap=106613
PASS independent Cartesian audit cases=88 matrices=153548040
