1 count 0 0
2 count 0 0
3 count 0 0
4 count 0 0
5 count 0 0
6 count 0 0
7 count 0 0
8 count 0 0
9 count 0 0
10 count 0 0
11 count 0 0
12 count 0 0
13 count 15 6018
14 count 12 8092
15 count 12 16248
16 count 17 15552
17 count 18 1497
18 count 17 8700
19 count 17 9164
20 count 22 6120
21 count 20 5439
22 count 19 138404
23 count 24 5391
24 count 22 22536
25 count 19 9242
26 count 25 8604
27 count 23 1481
28 count 18 25424
29 count 25 17304373
30 count 24 3750
31 count 18 7040
32 count 24 8160
33 count 25 5986
34 count 18 4456
35 count 22 3668
36 count 25 14616
37 count 18 10480
38 count 19 9024
39 count 27 16263
40 count 18 1920
41 count 17 10851
42 count 30 16912
43 count 16 774
44 count 7 800
45 count 35 1130
46 impossible None -4804220
47 impossible None -8338770
48 impossible None -11908335104
49 impossible None -22012539734724
50 impossible None -1829560
51 impossible None -580
maximum projective count bound 35
elapsed 0.04890495911240578
