DOMAINS 95343 2460769
ITER 0 rows 181 delta 1.7623443338828055 inner_min -4.41967589787637 outer_min [-2.3972503759220256] elapsed 11.37
ITER 1 rows 489 delta 0.8725177281911368 inner_min -1.1495986796669797 outer_min [-3.886793497912824] elapsed 11.41
ITER 2 rows 682 delta 0.7596790239972879 inner_min -2.1070735587586134 outer_min [-3.228690510870967] elapsed 11.44
ITER 3 rows 795 delta 0.3272924476373453 inner_min -3.9819287152022262 outer_min [-3.595341599827435] elapsed 11.48
ITER 4 rows 1087 delta 0.17972109207363235 inner_min -1.4887623108195938 outer_min [-3.1697610421992675] elapsed 11.53
ITER 5 rows 1323 delta 0.1252926053011636 inner_min -0.8675893537980905 outer_min [-3.2506568546977443] elapsed 11.57
ITER 6 rows 1583 delta 0.04727886314729619 inner_min -1.4228849423789764 outer_min [-3.4352072128036606] elapsed 11.64
ITER 7 rows 1827 delta 0.04570646774767326 inner_min -0.64456104475017 outer_min [-3.350290638436795] elapsed 11.7
ITER 8 rows 1965 delta 0.04559633479725553 inner_min -0.5665495479181969 outer_min [-3.334407564041024] elapsed 11.76
ITER 9 rows 2100 delta 0.04289582820633883 inner_min -0.3160579298613557 outer_min [-3.3708464752754823] elapsed 11.83
ITER 10 rows 2335 delta 0.040004042869114055 inner_min -0.32737055104141655 outer_min [-3.4407250025943097] elapsed 11.91
ITER 11 rows 2472 delta 0.038579090989879355 inner_min -0.2787622799035012 outer_min [-3.454350795887743] elapsed 11.99
ITER 12 rows 2749 delta 0.03767838917787289 inner_min -0.14868395183064131 outer_min [-3.3914593825726373] elapsed 12.08
ITER 13 rows 2922 delta 0.03737071111177456 inner_min -0.2204734136246661 outer_min [-3.3675363044305877] elapsed 12.18
ITER 14 rows 3052 delta 0.03737071111177478 inner_min -0.04719860668833886 outer_min [-3.3522156489819404] elapsed 12.28
ITER 15 rows 3200 delta 0.032399210332217245 inner_min -0.23545795457160934 outer_min [-0.5437452040693121] elapsed 12.41
ITER 16 rows 3453 delta 0.027904292600422726 inner_min -0.6362136460924118 outer_min [-0.4283934064467353] elapsed 12.53
ITER 17 rows 3620 delta 0.023903887492644372 inner_min -0.4528252875489805 outer_min [-0.5990344772663341] elapsed 12.68
ITER 18 rows 3930 delta 0.00532157257885284 inner_min -0.09149373676507488 outer_min [-0.6047000832240594] elapsed 12.81
ITER 19 rows 4125 delta 0.003958429951073814 inner_min -0.05003139189141981 outer_min [-0.3250312617561325] elapsed 12.95
ITER 20 rows 4248 delta 0.0029339246574611737 inner_min -0.06919307371125849 outer_min [-0.18990509065958946] elapsed 13.17
ITER 21 rows 4446 delta 0.002695606231565776 inner_min -0.06340877974022208 outer_min [-0.14617355213777297] elapsed 13.31
ITER 22 rows 4646 delta 0.002412333776074102 inner_min -0.06069994346877594 outer_min [-0.10701758914913942] elapsed 13.54
ITER 23 rows 4869 delta 0.0010577049814164783 inner_min -0.05970630477819794 outer_min [-0.1046872434588299] elapsed 13.76
ITER 24 rows 5064 delta 0.0007449189447668858 inner_min -0.03799072894575617 outer_min [-0.05519339545683116] elapsed 13.98
ITER 25 rows 5218 delta 0.0006472941089561155 inner_min -0.009241246714100537 outer_min [-0.05209181859087022] elapsed 14.32
ITER 26 rows 5309 delta 1.039098953294611e-05 inner_min -0.027176929002366346 outer_min [-0.07780223761631061] elapsed 14.56
ITER 27 rows 5518 delta -0.0 inner_min -5.906386491005833e-14 outer_min [-3.597122599785507e-14] elapsed 14.75
RESULT NO_NEW_MATH THETA41_TRANSPORT_NO_POSITIVE_DUAL
