LOCAL_SUPPORTS 34 {16: 10, 17: 10, 18: 8, 41: 6}
DOMAINS 12 17 44 0 [(40, 43, 36455), (106, 14, 95343)] 2571792
ITER 0 rows 5959 delta 1.1869996334358959 inner_min -5.7815653015711375 outer_min [-1.7694712649921107] elapsed 88.12
ITER 1 rows 6963 delta 0.6922281647265196 inner_min -4.988033742360701 outer_min [-1.7048462707783485] elapsed 88.22
ITER 2 rows 7677 delta 0.4723796544615669 inner_min -3.3473380870629885 outer_min [-1.5568703182710228] elapsed 88.32
ITER 3 rows 8333 delta 0.2638843939930087 inner_min -1.5536922988837132 outer_min [-1.813507461065931] elapsed 88.44
ITER 4 rows 8581 delta 0.23782355439883202 inner_min -1.3726234694894262 outer_min [-1.7605096269690843] elapsed 88.63
ITER 5 rows 8811 delta 0.09511569009663023 inner_min -1.9899421154269057 outer_min [-1.9574043357446687] elapsed 88.81
ITER 6 rows 9241 delta 0.033016495427152216 inner_min -1.967375941580695 outer_min [-1.9304808097645914] elapsed 89.05
ITER 7 rows 9981 delta 0.020969644544259897 inner_min -1.9555241814831505 outer_min [-1.8383670730232806] elapsed 89.75
ITER 8 rows 10454 delta 0.012119904446395687 inner_min -0.35157143838293825 outer_min [-1.9813880712216152] elapsed 90.56
ITER 9 rows 10874 delta 0.011355566952689957 inner_min -0.9153591798617295 outer_min [-1.9637215482571238] elapsed 91.21
ITER 10 rows 11146 delta 0.006338264844781247 inner_min -0.8305915493159666 outer_min [-0.3204891061729407] elapsed 92.3
ITER 11 rows 11649 delta 0.005096369194468304 inner_min -0.2547553071061197 outer_min [-0.17697449817264033] elapsed 93.28
ITER 12 rows 12107 delta 0.0049106613219147225 inner_min -0.31652748831111377 outer_min [-0.2661439532374371] elapsed 94.48
ITER 13 rows 12321 delta 0.004360472129071577 inner_min -0.1665920041066251 outer_min [-0.16589093182279352] elapsed 95.89
ITER 14 rows 12660 delta 0.003438378872330533 inner_min -0.09085701650088951 outer_min [-0.05941470177425334] elapsed 97.22
ITER 15 rows 13368 delta 0.0028790418878797373 inner_min -0.10963585235756601 outer_min [-0.09784080078257623] elapsed 98.27
ITER 16 rows 13830 delta 0.002782322510742147 inner_min -0.0752842636951565 outer_min [-0.0755045561174919] elapsed 99.95
ITER 17 rows 14226 delta 0.0022996009320271535 inner_min -0.16769229315542178 outer_min [-0.3767870295919215] elapsed 101.68
ITER 18 rows 14764 delta 0.0012326158185842527 inner_min -0.04241967859851814 outer_min [-0.06599758633366676] elapsed 103.6
ITER 19 rows 15237 delta 0.0007509310002256817 inner_min -0.04773630279828189 outer_min [-0.056011907922547455] elapsed 106.41
ITER 20 rows 15672 delta 0.000557820004685123 inner_min -0.15210444473332974 outer_min [-0.05133718200068038] elapsed 109.17
ITER 21 rows 16165 delta 0.00047355843757376965 inner_min -0.057978554499630186 outer_min [-0.03831868968252128] elapsed 111.19
ITER 22 rows 16402 delta 0.000261216439336362 inner_min -0.026337350216319666 outer_min [-0.023259916981988538] elapsed 113.05
ITER 23 rows 16707 delta 0.00026121643933531426 inner_min -0.038163442079475085 outer_min [-0.019176066451737306] elapsed 114.89
ITER 24 rows 16934 delta 0.00025449750331452137 inner_min -0.015390314256502613 outer_min [-0.012835215259212662] elapsed 117.41
ITER 25 rows 17161 delta 0.00024732496896845603 inner_min -0.013925654826964728 outer_min [-0.013248994018240312] elapsed 119.41
ITER 26 rows 17335 delta 0.00023103876441418913 inner_min -0.0064300041042838485 outer_min [-0.011147160027937142] elapsed 121.54
ITER 27 rows 17462 delta 0.00019700598424853238 inner_min -0.06387454269243686 outer_min [-0.008530262561036672] elapsed 123.57
ITER 28 rows 17797 delta 0.00014968655944598818 inner_min -0.007409425464091179 outer_min [-0.003773370429787426] elapsed 125.23
ITER 29 rows 18018 delta 9.70043586403569e-05 inner_min -0.009192362181160041 outer_min [-0.0006508380983497042] elapsed 127.45
ITER 30 rows 18115 delta 8.871917705630105e-05 inner_min -0.005036741409851553 outer_min [8.871917705277621e-05] elapsed 129.41
ITER 31 rows 18170 delta 8.868117100750658e-05 inner_min -0.0021965489720504605 outer_min [8.868117100724326e-05] elapsed 131.95
ITER 32 rows 18191 delta 8.868117100660265e-05 inner_min -0.0039259791870872585 outer_min [-7.895065674384805e-05] elapsed 134.05
ITER 33 rows 18250 delta 8.86811710071329e-05 inner_min -0.0003770183227808088 outer_min [8.868117100194195e-05] elapsed 135.51
ITER 34 rows 18253 delta 8.868117100695773e-05 inner_min -0.004781017589435166 outer_min [8.868117100568895e-05] elapsed 137.69
ITER 35 rows 18282 delta 8.868117100689411e-05 inner_min -0.003644752483775715 outer_min [8.868117100269135e-05] elapsed 139.74
ITER 36 rows 18289 delta 8.868117100726259e-05 inner_min -0.0008352842445094044 outer_min [8.868117100702122e-05] elapsed 141.66
ITER 37 rows 18299 delta 8.868117100722645e-05 inner_min -0.0021401088690476966 outer_min [8.868117100546691e-05] elapsed 143.38
ITER 38 rows 18309 delta 8.868117100647835e-05 inner_min -0.0037857091797419695 outer_min [8.868117100549466e-05] elapsed 145.22
ITER 39 rows 18342 delta 8.868117100715145e-05 inner_min -0.0018599366890778013 outer_min [8.868117100480077e-05] elapsed 147.47
ITER 40 rows 18354 delta 8.868117100662619e-05 inner_min -0.00036871722315146016 outer_min [8.868117100349626e-05] elapsed 149.96
ITER 41 rows 18361 delta 8.868117100699383e-05 inner_min -0.002985556829709135 outer_min [8.868117100677142e-05] elapsed 151.98
ITER 42 rows 18382 delta 8.868117100686158e-05 inner_min -4.718545511195327e-05 outer_min [8.868117100657713e-05] elapsed 154.21
ITER 43 rows 18383 delta 8.868117100722097e-05 inner_min -0.0002562206655454258 outer_min [8.868117100629958e-05] elapsed 156.7
ITER 44 rows 18393 delta 8.868117100689457e-05 inner_min -0.0007996596279717938 outer_min [8.868117099114503e-05] elapsed 158.58
ITER 45 rows 18395 delta 8.868117100718928e-05 inner_min -0.012228725323536138 outer_min [8.8681171002164e-05] elapsed 160.53
ITER 46 rows 18414 delta 8.868117100706769e-05 inner_min -0.0002118780610501636 outer_min [8.868117100674366e-05] elapsed 162.56
ITER 47 rows 18416 delta 8.868117100712132e-05 inner_min -0.0001709648431174049 outer_min [8.868117100496731e-05] elapsed 164.5
ITER 48 rows 18421 delta 8.868117100712408e-05 inner_min -0.3561848892371423 outer_min [8.868117100496731e-05] elapsed 166.11
ITER 49 rows 18450 delta 8.868117100741954e-05 inner_min -0.0016187348255802814 outer_min [8.868117100063744e-05] elapsed 168.1
ITER 50 rows 18459 delta 8.868117100684905e-05 inner_min -0.01705074820607455 outer_min [8.868117100552242e-05] elapsed 169.95
ITER 51 rows 18476 delta 8.868117100696869e-05 inner_min -5.873079800267078e-14 outer_min [8.86811710009705e-05] elapsed 171.8
INTEGER 10000 [-1787075]
INTEGER 100000 [-1751179]
INTEGER 1000000 [-7887735]
INTEGER 10000000 [-67528616]
INTEGER 100000000 [-394236569]
INTEGER 1000000000 [-2288999119]
INTEGER 10000000000 [-9659218554]
INTEGER 100000000000 [-2467470371]
INTEGER 1000000000000 [21576254250]
RESULT CANDIDATE_EXACT_CERTIFICATE POSITIVE_FLOAT_CANDIDATE
       92.97 real        86.85 user         3.71 sys
time: sysctl kern.clockrate: Operation not permitted
