CASE 0 N 40 anchor 20,20,0 raw 12 canonical 4 min -2467165931148563 K -2467165931148563 bound -9831982799953560 gap 0
CASE 1 N 40 anchor 20,19,1 raw 108 canonical 36 min -1497713321007048 K -1497713321007048 bound -9831982799953525 gap 0
CASE 2 N 40 anchor 20,18,2 raw 630 canonical 218 min -1780455496673762 K -1780455496673762 bound -9831982799953462 gap 0
CASE 3 N 40 anchor 20,17,3 raw 951 canonical 317 min -387302584778027 K -387302584778027 bound -9977029449239280 gap 0
CASE 4 N 40 anchor 20,16,4 raw 1194 canonical 398 min -1694140545175324 K -1694140545175324 bound -9831982799953694 gap 0
CASE 5 N 40 anchor 20,15,5 raw 1431 canonical 503 min -206724754604515 K -206724754604515 bound -9931932768117975 gap 0
CASE 6 N 40 anchor 20,14,6 raw 1764 canonical 588 min -1473022063197634 K -1473022063197634 bound -9831982799952976 gap 0
CASE 7 N 40 anchor 20,13,7 raw 2046 canonical 682 min -1422093835361483 K -1422093835361483 bound -9831982799953217 gap 0
CASE 8 N 40 anchor 20,12,8 raw 2244 canonical 790 min -1428536983003413 K -1428536983003413 bound -9831982799952074 gap 0
CASE 9 N 40 anchor 20,11,9 raw 2313 canonical 771 min -1435078015984616 K -1435078015984616 bound -9831982799953379 gap 0
CASE 10 N 40 anchor 20,10,10 raw 2304 canonical 768 min -1429785460054840 K -1429785460054840 bound -9831982799953340 gap 0
CASE 11 N 40 anchor 19,19,2 raw 354 canonical 118 min -1267457912913341 K -1267457912913341 bound -9831982799952591 gap 0
CASE 12 N 40 anchor 19,18,3 raw 1486 canonical 522 min -1158549934659379 K -1158549934659379 bound -9831982799953163 gap 0
CASE 13 N 40 anchor 19,17,4 raw 1962 canonical 654 min -1128877160133643 K -1128877160133643 bound -9831982799953379 gap 0
CASE 14 N 40 anchor 19,16,5 raw 2451 canonical 817 min -582952029051324 K -582952029051324 bound -9831982799953432 gap 0
CASE 15 N 40 anchor 19,15,6 raw 2971 canonical 1053 min -404002254850029 K -404002254850029 bound -9831982799953301 gap 0
CASE 16 N 40 anchor 19,14,7 raw 3444 canonical 1148 min -387232497684434 K -387232497684434 bound -9831982799952828 gap 0
CASE 17 N 40 anchor 19,13,8 raw 3774 canonical 1258 min -390357977950100 K -390357977950100 bound -9829345995830952 gap 0
CASE 18 N 40 anchor 19,12,9 raw 3886 canonical 1384 min -348435282223162 K -348435282223162 bound -9831982799951515 gap 0
CASE 19 N 40 anchor 19,11,10 raw 3774 canonical 1258 min -355035935139160 K -355035935139160 bound -9831982799953476 gap 0
CASE 20 N 40 anchor 18,18,4 raw 5103 canonical 1811 min -946775214566174 K -946775214566174 bound -9831982799949998 gap 0
CASE 21 N 40 anchor 18,17,5 raw 6591 canonical 2197 min -945014848641190 K -945014848641190 bound -9831982799951932 gap 0
CASE 22 N 40 anchor 18,16,6 raw 7410 canonical 2470 min -909418549417553 K -909418549417553 bound -9831982799953037 gap 0
CASE 23 N 40 anchor 18,15,7 raw 7551 canonical 2707 min -773995054688644 K -773995054688644 bound -9831982799952470 gap 0
CASE 24 N 40 anchor 18,14,8 raw 7170 canonical 2390 min -756877067569875 K -756877067569875 bound -9831982799953423 gap 0
CASE 25 N 40 anchor 18,13,9 raw 6459 canonical 2153 min -739478140218001 K -739478140218001 bound -9831982799953261 gap 0
CASE 26 N 40 anchor 18,12,10 raw 5529 canonical 2039 min -736051199275792 K -736051199275792 bound -9831982799952568 gap 0
CASE 27 N 40 anchor 18,11,11 raw 4542 canonical 1514 min -733127356134066 K -733127356134066 bound -9831982799953385 gap 0
CASE 28 N 40 anchor 17,17,6 raw 3123 canonical 1041 min -897205348634459 K -897205348634459 bound -9831982799953131 gap 0
CASE 29 N 40 anchor 17,16,7 raw 3129 canonical 1043 min -924621169719257 K -924621169719257 bound -9831982799953137 gap 0
CASE 30 N 40 anchor 17,15,8 raw 2718 canonical 1024 min -760138028226840 K -760138028226840 bound -9831982799953126 gap 0
CASE 31 N 40 anchor 17,14,9 raw 2205 canonical 735 min -687871139500469 K -687871139500469 bound -9831319662765832 gap 0
CASE 32 N 40 anchor 17,13,10 raw 1692 canonical 564 min -664503114580389 K -664503114580389 bound -9831982799952943 gap 0
CASE 33 N 40 anchor 17,12,11 raw 1233 canonical 489 min -648580039503025 K -648580039503025 bound -9831982799952585 gap 0
CASE 34 N 40 anchor 16,16,8 raw 831 canonical 277 min -1142697828569903 K -1142697828569903 bound -9831982799953445 gap 0
CASE 35 N 40 anchor 16,15,9 raw 702 canonical 288 min -1012099256175355 K -1012099256175355 bound -9830745626320644 gap 0
CASE 36 N 40 anchor 16,14,10 raw 471 canonical 157 min -381200726417675 K -381200726417675 bound -9831982799953548 gap 0
CASE 37 N 40 anchor 16,13,11 raw 282 canonical 94 min 26807309704762 K 26807309704762 bound -9831982799953464 gap 0
CASE 38 N 40 anchor 16,12,12 raw 144 canonical 68 min 630702945689190 K 630702945689190 bound -9831982799953246 gap 0
CASE 39 N 40 anchor 15,15,10 raw 123 canonical 63 min 7861880115733704 K 7861880115733704 bound -19411591957952182 gap 0
CASE 40 N 40 anchor 15,14,11 raw 93 canonical 31 min 10465632225929982 K 10465632225929982 bound -31461523171532668 gap 0
CASE 41 N 40 anchor 15,13,12 raw 36 canonical 12 min 10370986468632942 K 10370986468632942 bound -35099109807909330 gap 0
CASE 42 N 40 anchor 14,14,12 raw 3 canonical 1 min 10872529245784421 K 10872529245784421 bound -40038892597914671 gap 0
CASE 43 N 40 anchor 14,13,13 raw 0 canonical 0 min EMPTY K 0 bound 0 gap 0
CASE 44 N 40 anchor 20,20,0 raw 12 canonical 4 min -2466311539382605 K -2466311539382605 bound -9618859046051300 gap 0
CASE 45 N 40 anchor 20,19,1 raw 108 canonical 36 min -1598898701237928 K -1598898701237928 bound -9618859046051314 gap 0
CASE 46 N 40 anchor 20,18,2 raw 630 canonical 218 min -1699540424199930 K -1699540424199930 bound -9618859046049426 gap 0
CASE 47 N 40 anchor 20,17,3 raw 951 canonical 317 min -1571330390909699 K -1571330390909699 bound -9618859046051400 gap 0
CASE 48 N 40 anchor 20,16,4 raw 1194 canonical 398 min -1576111048566513 K -1576111048566513 bound -9618859046050308 gap 0
CASE 49 N 40 anchor 20,15,5 raw 1431 canonical 503 min -1450698444277204 K -1450698444277204 bound -9618859046051035 gap 0
CASE 50 N 40 anchor 20,14,6 raw 1764 canonical 588 min -1472071687090808 K -1472071687090808 bound -9618859046051238 gap 0
CASE 51 N 40 anchor 20,13,7 raw 2046 canonical 682 min -1448828722161821 K -1448828722161821 bound -9618859046050120 gap 0
CASE 52 N 40 anchor 20,12,8 raw 2244 canonical 790 min -1461546685062014 K -1461546685062014 bound -9618859046050334 gap 0
CASE 53 N 40 anchor 20,11,9 raw 2313 canonical 771 min -1478734756310762 K -1478734756310762 bound -9618859046049214 gap 0
CASE 54 N 40 anchor 20,10,10 raw 2304 canonical 768 min -1477693759787277 K -1477693759787277 bound -9618859046051010 gap 0
CASE 55 N 40 anchor 19,19,2 raw 354 canonical 118 min -461680458984287 K -461680458984287 bound -9618859046050961 gap 0
CASE 56 N 40 anchor 19,18,3 raw 1486 canonical 522 min -1121932476904714 K -1121932476904714 bound -9618859046050982 gap 0
CASE 57 N 40 anchor 19,17,4 raw 1962 canonical 654 min -755132375934130 K -755132375934130 bound -9618859046051336 gap 0
CASE 58 N 40 anchor 19,16,5 raw 2451 canonical 817 min -1212477541103610 K -1212477541103610 bound -9618859046049638 gap 0
CASE 59 N 40 anchor 19,15,6 raw 2971 canonical 1053 min -443619461528981 K -443619461528981 bound -9618859046048364 gap 0
CASE 60 N 40 anchor 19,14,7 raw 3444 canonical 1148 min -998865757558012 K -998865757558012 bound -9618859046051187 gap 0
CASE 61 N 40 anchor 19,13,8 raw 3774 canonical 1258 min -1008489461541316 K -1008489461541316 bound -9618859046050910 gap 0
CASE 62 N 40 anchor 19,12,9 raw 3886 canonical 1384 min -452185543826960 K -452185543826960 bound -9618859046051253 gap 0
CASE 63 N 40 anchor 19,11,10 raw 3774 canonical 1258 min -939504302822304 K -939504302822304 bound -9618859046050745 gap 0
CASE 64 N 40 anchor 18,18,4 raw 5103 canonical 1811 min -992042256594618 K -992042256594618 bound -9618859046050773 gap 0
CASE 65 N 40 anchor 18,17,5 raw 6591 canonical 2197 min -979023691638073 K -979023691638073 bound -9618859046049738 gap 0
CASE 66 N 40 anchor 18,16,6 raw 7410 canonical 2470 min -981986428748804 K -981986428748804 bound -9618859046050912 gap 0
CASE 67 N 40 anchor 18,15,7 raw 7551 canonical 2707 min -852254559093260 K -852254559093260 bound -9618859046050639 gap 0
CASE 68 N 40 anchor 18,14,8 raw 7170 canonical 2390 min -814147388429376 K -814147388429376 bound -9618859046050993 gap 0
CASE 69 N 40 anchor 18,13,9 raw 6459 canonical 2153 min -794938818665110 K -794938818665110 bound -9618859046050539 gap 0
CASE 70 N 40 anchor 18,12,10 raw 5529 canonical 2039 min -794123466914379 K -794123466914379 bound -9618859046050378 gap 0
CASE 71 N 40 anchor 18,11,11 raw 4542 canonical 1514 min -785705666364838 K -785705666364838 bound -9618859046050025 gap 0
CASE 72 N 40 anchor 17,17,6 raw 3123 canonical 1041 min -866738679484634 K -866738679484634 bound -9618859046050947 gap 0
CASE 73 N 40 anchor 17,16,7 raw 3129 canonical 1043 min -1014254991038349 K -1014254991038349 bound -9618859046050964 gap 0
CASE 74 N 40 anchor 17,15,8 raw 2718 canonical 1024 min -753094037425074 K -753094037425074 bound -9618859046051082 gap 0
CASE 75 N 40 anchor 17,14,9 raw 2205 canonical 735 min -691836606303266 K -691836606303266 bound -9618859046050118 gap 0
CASE 76 N 40 anchor 17,13,10 raw 1692 canonical 564 min -592325334664722 K -592325334664722 bound -9618859046050270 gap 0
CASE 77 N 40 anchor 17,12,11 raw 1233 canonical 489 min -717234874116111 K -717234874116111 bound -9618859046050553 gap 0
CASE 78 N 40 anchor 16,16,8 raw 831 canonical 277 min -1216247395198512 K -1216247395198512 bound -9618859046051038 gap 0
CASE 79 N 40 anchor 16,15,9 raw 702 canonical 288 min -1100421349578939 K -1100421349578939 bound -9618859046051087 gap 0
CASE 80 N 40 anchor 16,14,10 raw 471 canonical 157 min -525093057960598 K -525093057960598 bound -9618859046051246 gap 0
CASE 81 N 40 anchor 16,13,11 raw 282 canonical 94 min -118724083861689 K -118724083861689 bound -9618859046051415 gap 0
CASE 82 N 40 anchor 16,12,12 raw 144 canonical 68 min 480922869554990 K 480922869554990 bound -9618859046051082 gap 0
CASE 83 N 40 anchor 15,15,10 raw 123 canonical 63 min 7863681924535869 K 7863681924535869 bound -19484130227705490 gap 0
CASE 84 N 40 anchor 15,14,11 raw 93 canonical 31 min 10469376623894504 K 10469376623894504 bound -31612634981249005 gap 0
CASE 85 N 40 anchor 15,13,12 raw 36 canonical 12 min 10374204315713766 K 10374204315713766 bound -35228896306835898 gap 0
CASE 86 N 40 anchor 14,14,12 raw 3 canonical 1 min 10872889191192261 K 10872889191192261 bound -40053650359636111 gap 0
CASE 87 N 40 anchor 14,13,13 raw 0 canonical 0 min EMPTY K 0 bound 0 gap 0
CASE 88 N 40 anchor 20,20,0 raw 12 canonical 4 min -2402105366706703 K -2402105366706703 bound -10564264755106510 gap 0
CASE 89 N 40 anchor 20,19,1 raw 108 canonical 36 min -1165053214047091 K -1165053214047091 bound -10564264755107004 gap 0
CASE 90 N 40 anchor 20,18,2 raw 630 canonical 218 min -1515727279955763 K -1515727279955763 bound -10564264755106685 gap 0
CASE 91 N 40 anchor 20,17,3 raw 951 canonical 317 min -1433190793838449 K -1433190793838449 bound -10564264755105917 gap 0
CASE 92 N 40 anchor 20,16,4 raw 1194 canonical 398 min -1494039991569116 K -1494039991569116 bound -10564264755104676 gap 0
CASE 93 N 40 anchor 20,15,5 raw 1431 canonical 503 min -1174398403081537 K -1174398403081537 bound -10564264755106285 gap 0
CASE 94 N 40 anchor 20,14,6 raw 1764 canonical 588 min -1183998847022680 K -1183998847022680 bound -10564264755106782 gap 0
CASE 95 N 40 anchor 20,13,7 raw 2046 canonical 682 min -1260504535180571 K -1260504535180571 bound -10564264755106944 gap 0
CASE 96 N 40 anchor 20,12,8 raw 2244 canonical 790 min -1261139248241714 K -1261139248241714 bound -10564264755106554 gap 0
CASE 97 N 40 anchor 20,11,9 raw 2313 canonical 771 min -1242175959832741 K -1242175959832741 bound -10564264755106711 gap 0
CASE 98 N 40 anchor 20,10,10 raw 2304 canonical 768 min -1248333093057356 K -1248333093057356 bound -10564264755106280 gap 0
CASE 99 N 40 anchor 19,19,2 raw 354 canonical 118 min -549750833158037 K -549750833158037 bound -10564264755106430 gap 0
CASE 100 N 40 anchor 19,18,3 raw 1486 canonical 522 min -855589095272987 K -855589095272987 bound -10564264755106831 gap 0
CASE 101 N 40 anchor 19,17,4 raw 1962 canonical 654 min -260704095801335 K -260704095801335 bound -10564264755106330 gap 0
CASE 102 N 40 anchor 19,16,5 raw 2451 canonical 817 min -275546781610463 K -275546781610463 bound -10564264755106711 gap 0
CASE 103 N 40 anchor 19,15,6 raw 2971 canonical 1053 min -738296605867200 K -738296605867200 bound -10564264755106316 gap 0
CASE 104 N 40 anchor 19,14,7 raw 3444 canonical 1148 min -707812460183927 K -707812460183927 bound -10564264755106611 gap 0
CASE 105 N 40 anchor 19,13,8 raw 3774 canonical 1258 min -739677204632585 K -739677204632585 bound -10564264755105612 gap 0
CASE 106 N 40 anchor 19,12,9 raw 3886 canonical 1384 min -702983825774426 K -702983825774426 bound -10564264755106059 gap 0
CASE 107 N 40 anchor 19,11,10 raw 3774 canonical 1258 min 6266334174792 K 6266334174792 bound -10564264755106313 gap 0
CASE 108 N 40 anchor 18,18,4 raw 5103 canonical 1811 min -778688899067599 K -778688899067599 bound -10564264755104773 gap 0
CASE 109 N 40 anchor 18,17,5 raw 6591 canonical 2197 min -739686931099598 K -739686931099598 bound -10564264755104425 gap 0
CASE 110 N 40 anchor 18,16,6 raw 7410 canonical 2470 min -684216582904970 K -684216582904970 bound -10564264755104925 gap 0
CASE 111 N 40 anchor 18,15,7 raw 7551 canonical 2707 min -555761050332729 K -555761050332729 bound -10564264755105974 gap 0
CASE 112 N 40 anchor 18,14,8 raw 7170 canonical 2390 min -546545307564787 K -546545307564787 bound -10564264755106368 gap 0
CASE 113 N 40 anchor 18,13,9 raw 6459 canonical 2153 min -497320044199608 K -497320044199608 bound -10620497524717363 gap 0
CASE 114 N 40 anchor 18,12,10 raw 5529 canonical 2039 min -462843136201279 K -462843136201279 bound -10564264755105485 gap 0
CASE 115 N 40 anchor 18,11,11 raw 4542 canonical 1514 min -609850547432036 K -609850547432036 bound -10564264755104518 gap 0
CASE 116 N 40 anchor 17,17,6 raw 3123 canonical 1041 min -314446580858846 K -314446580858846 bound -10564264755106772 gap 0
CASE 117 N 40 anchor 17,16,7 raw 3129 canonical 1043 min -647124195973970 K -647124195973970 bound -10564264755106765 gap 0
CASE 118 N 40 anchor 17,15,8 raw 2718 canonical 1024 min -254174013419319 K -254174013419319 bound -10564264755106635 gap 0
CASE 119 N 40 anchor 17,14,9 raw 2205 canonical 735 min -87213355914579 K -87213355914579 bound -10564264755106726 gap 0
CASE 120 N 40 anchor 17,13,10 raw 1692 canonical 564 min -254634172566379 K -254634172566379 bound -10564264755105091 gap 0
CASE 121 N 40 anchor 17,12,11 raw 1233 canonical 489 min -130137635438448 K -130137635438448 bound -10564264755106605 gap 0
CASE 122 N 40 anchor 16,16,8 raw 831 canonical 277 min -837920426508280 K -837920426508280 bound -10564264755106544 gap 0
CASE 123 N 40 anchor 16,15,9 raw 702 canonical 288 min -268513302915816 K -268513302915816 bound -10564264755106197 gap 0
CASE 124 N 40 anchor 16,14,10 raw 471 canonical 157 min 332472692296973 K 332472692296973 bound -10564264755106668 gap 0
CASE 125 N 40 anchor 16,13,11 raw 282 canonical 94 min 89831026528239 K 89831026528239 bound -10564264755107334 gap 0
CASE 126 N 40 anchor 16,12,12 raw 144 canonical 68 min -725971424701312 K -725971424701312 bound -10564264755107373 gap 0
CASE 127 N 40 anchor 15,15,10 raw 123 canonical 63 min 7875266584127552 K 7875266584127552 bound -19955207944898671 gap 0
CASE 128 N 40 anchor 15,14,11 raw 93 canonical 31 min 10478989128493513 K 10478989128493513 bound -32001028491275187 gap 0
CASE 129 N 40 anchor 15,13,12 raw 36 canonical 12 min 10379681873115861 K 10379681873115861 bound -35449824455387063 gap 0
CASE 130 N 40 anchor 14,14,12 raw 3 canonical 1 min 10873774873131980 K 10873774873131980 bound -40089963319164590 gap 0
CASE 131 N 40 anchor 14,13,13 raw 0 canonical 0 min EMPTY K 0 bound 0 gap 0
CASE 132 N 275 anchor 106,106,63 raw 7382307 canonical 2460769 min 43471588119828 K 43471588119828 bound 15823509458918317 gap 148616699075
PASS cases 133 raw 7701024 canonical 2570134 seconds 10.9144
