ORDINARY 0 (112, 109, 54) 39531 None elapsed 0.37
ORDINARY 0 (111, 110, 54) 47193 None elapsed 0.39
ORDINARY 0 (112, 108, 55) 127956 None elapsed 0.41
ORDINARY 0 (111, 109, 55) 77478 None elapsed 0.42
ORDINARY 0 (110, 110, 55) 92883 None elapsed 0.44
ORDINARY 0 (112, 107, 56) 165390 None elapsed 0.47
ORDINARY 0 (111, 108, 56) 252726 {'coeff': [247, 2032, -108, 1025, -83, -542, -2], 'K': 57685742, 'forced': 20997341478, 'gap': 268610} elapsed 0.53
ORDINARY 0 (110, 109, 56) 152148 {'coeff': [388, 21923, -622, -1648, -50, -1131, -1], 'K': 134488263, 'forced': 48953567491, 'gap': 160241} elapsed 0.57
ORDINARY 0 (112, 106, 57) 229728 None elapsed 0.6
ORDINARY 0 (111, 107, 57) 324645 None elapsed 0.66
ORDINARY 0 (110, 108, 57) 497612 None elapsed 0.76
ORDINARY 0 (109, 109, 57) 224340 {'coeff': [532, 3485, -179, 1767, -179, -1427, 1], 'K': 122185670, 'forced': 44467011192, 'gap': 8572688} elapsed 0.8
ORDINARY 0 (112, 105, 58) 241029 {'coeff': [223, -37069, 803, -19865, 465, -475, 10], 'K': -115998619, 'forced': -42224722437, 'gap': 1225121} elapsed 0.85
ORDINARY 0 (111, 106, 58) 446652 {'coeff': [3140, 230212, -6438, -266187, 6159, -8485, 100], 'K': 599606906, 'forced': 218255081730, 'gap': 1832054} elapsed 0.96
ORDINARY 0 (110, 107, 58) 635253 None elapsed 1.1
ORDINARY 0 (109, 108, 58) 740058 None elapsed 1.24
ORDINARY 0 (112, 104, 59) 248631 {'coeff': [18, -3683, 82, -1834, 43, -13, -1], 'K': -11849300, 'forced': -4313227086, 'gap': 81886} elapsed 1.29
ORDINARY 0 (111, 105, 59) 468369 {'coeff': [134, 8667, -241, -13385, 313, 54, -20], 'K': 18243714, 'forced': 6640560162, 'gap': 151734} elapsed 1.4
ORDINARY 0 (110, 106, 59) 868872 None elapsed 1.58
ORDINARY 0 (109, 107, 59) 939468 None elapsed 1.72
ORDINARY 0 (108, 108, 59) 2540100 None elapsed 2.17
ORDINARY 0 (112, 103, 60) 256104 {'coeff': [327, -79726, 1804, -36996, 879, -1856, 50], 'K': -261053941, 'forced': -95026585383, 'gap': 2950859} elapsed 2.23
ORDINARY 0 (111, 104, 60) 483243 {'coeff': [160, 7513, -211, -18907, 446, -279, -10], 'K': 7110610, 'forced': 2587476888, 'gap': 785152} elapsed 2.34
ORDINARY 0 (110, 105, 60) 910856 None elapsed 2.47
ORDINARY 0 (109, 106, 60) 1276236 None elapsed 2.68
ORDINARY 0 (108, 107, 60) 3229329 None elapsed 3.24
ORDINARY 0 (112, 102, 61) 263442 {'coeff': [30, -7474, 169, -3241, 77, -181, 5], 'K': -23877644, 'forced': -8691531165, 'gap': 68749} elapsed 3.29
ORDINARY 0 (111, 103, 61) 497847 {'coeff': [195, 9027, -253, -22338, 529, -626, -1], 'K': 11222046, 'forced': 4084104312, 'gap': 720432} elapsed 3.38
ORDINARY 0 (110, 104, 61) 939711 None elapsed 3.53
ORDINARY 0 (109, 105, 61) 1337466 None elapsed 3.72
ORDINARY 0 (108, 106, 61) 4433781 None elapsed 4.46
ORDINARY 0 (107, 107, 61) 3936147 None elapsed 5.01
ORDINARY 0 (111, 102, 62) 512169 {'coeff': [789, 39170, -1088, -87003, 2069, -2344, -10], 'K': 66879865, 'forced': 24343223895, 'gap': 1046965} elapsed 5.13
ORDINARY 0 (110, 103, 62) 967926 None elapsed 5.28
ORDINARY 0 (109, 104, 62) 1379913 None elapsed 5.48
ORDINARY 0 (108, 105, 62) 4658436 None elapsed 6.21
ORDINARY 0 (107, 106, 62) 5478603 None elapsed 6.97
ORDINARY 0 (110, 102, 63) 995525 None elapsed 7.12
ORDINARY 0 (109, 103, 63) 1421427 None elapsed 7.33
ORDINARY 0 (108, 104, 63) 4816095 None elapsed 8.04
ORDINARY 0 (107, 105, 63) 5747629 None elapsed 8.83
ORDINARY 0 (106, 106, 63) 7674219 None elapsed 10.09
ORDINARY 0 (109, 102, 64) 1461966 None elapsed 10.29
ORDINARY 0 (108, 103, 64) 4967793 None elapsed 11.18
ORDINARY 0 (107, 104, 64) 5924559 None elapsed 12.18
ORDINARY 0 (106, 105, 64) 8046936 None elapsed 13.83
ORDINARY 0 (108, 102, 65) 5113767 None elapsed 14.62
ORDINARY 0 (107, 103, 65) 6093999 None elapsed 15.67
ORDINARY 0 (106, 104, 65) 8269605 None elapsed 17.36
ORDINARY 0 (105, 105, 65) 8490429 None elapsed 19.01
ORDINARY 0 (106, 103, 66) 8479767 None elapsed 20.5
ORDINARY 0 (105, 104, 66) 8727090 None elapsed 22.2
ORDINARY 1 (112, 109, 54) 39099 None elapsed 22.21
ORDINARY 1 (111, 110, 54) 46656 None elapsed 22.22
ORDINARY 1 (112, 108, 55) 127407 None elapsed 22.24
ORDINARY 1 (111, 109, 55) 76728 None elapsed 22.26
ORDINARY 1 (110, 110, 55) 92025 None elapsed 22.28
ORDINARY 1 (112, 107, 56) 164553 None elapsed 22.3
ORDINARY 1 (112, 106, 57) 228312 None elapsed 22.33
ORDINARY 1 (111, 107, 57) 323241 None elapsed 22.38
ORDINARY 1 (110, 108, 57) 496199 None elapsed 22.45
ORDINARY 1 (110, 107, 58) 633135 None elapsed 22.54
ORDINARY 1 (109, 108, 58) 738345 None elapsed 22.63
ORDINARY 1 (110, 106, 59) 865398 None elapsed 22.75
ORDINARY 1 (109, 107, 59) 936876 None elapsed 22.85
ORDINARY 1 (108, 108, 59) 2537727 None elapsed 23.19
ORDINARY 1 (110, 105, 60) 907124 None elapsed 23.32
ORDINARY 1 (109, 106, 60) 1271985 None elapsed 23.47
ORDINARY 1 (108, 107, 60) 3225453 None elapsed 23.95
ORDINARY 1 (110, 104, 61) 935922 None elapsed 24.09
ORDINARY 1 (109, 105, 61) 1332885 None elapsed 24.27
ORDINARY 1 (108, 106, 61) 4427430 None elapsed 24.93
ORDINARY 1 (107, 107, 61) 3929991 None elapsed 25.62
ORDINARY 1 (110, 103, 62) 964059 None elapsed 25.78
ORDINARY 1 (109, 104, 62) 1375254 None elapsed 25.97
ORDINARY 1 (108, 105, 62) 4651224 None elapsed 26.76
ORDINARY 1 (107, 106, 62) 5468028 None elapsed 27.61
ORDINARY 1 (110, 102, 63) 991568 None elapsed 27.77
ORDINARY 1 (109, 103, 63) 1416675 None elapsed 27.98
ORDINARY 1 (108, 104, 63) 4808271 None elapsed 28.79
ORDINARY 1 (107, 105, 63) 5735608 None elapsed 29.68
ORDINARY 1 (106, 106, 63) 7658007 None elapsed 30.99
ORDINARY 1 (109, 102, 64) 1457109 None elapsed 31.21
ORDINARY 1 (108, 103, 64) 4959276 None elapsed 31.85
ORDINARY 1 (107, 104, 64) 5911554 None elapsed 32.92
ORDINARY 1 (106, 105, 64) 8028831 None elapsed 34.72
ORDINARY 1 (108, 102, 65) 5104449 None elapsed 35.44
ORDINARY 1 (107, 103, 65) 6079959 None elapsed 36.33
ORDINARY 1 (106, 104, 65) 8250084 None elapsed 37.75
ORDINARY 1 (105, 105, 65) 8470278 None elapsed 39.12
ORDINARY 1 (106, 103, 66) 8458773 None elapsed 40.37
ORDINARY 1 (105, 104, 66) 8705388 None elapsed 41.74
DONE [(105, 104, 66), (105, 105, 65), (106, 103, 66), (106, 104, 65), (106, 105, 64), (106, 106, 63), (107, 103, 65), (107, 104, 64), (107, 105, 63), (107, 106, 62), (107, 107, 61), (108, 102, 65), (108, 103, 64), (108, 104, 63), (108, 105, 62), (108, 106, 61), (108, 107, 60), (108, 108, 59), (109, 102, 64), (109, 103, 63), (109, 104, 62), (109, 105, 61), (109, 106, 60), (109, 107, 59), (109, 108, 58), (110, 102, 63), (110, 103, 62), (110, 104, 61), (110, 105, 60), (110, 106, 59), (110, 107, 58), (110, 108, 57), (110, 110, 55), (111, 107, 57), (111, 109, 55), (111, 110, 54), (112, 106, 57), (112, 107, 56), (112, 108, 55), (112, 109, 54)]
