MINIMUM (112, 109, 54) 13021 None elapsed 0.36
BRANCH (112, 109, 54) (1, 1, -1) 13021 None elapsed 0.37
MINIMUM (111, 110, 54) 15552 None elapsed 0.38
BRANCH (111, 110, 54) (1, 1, -1) 15552 None elapsed 0.38
MINIMUM (112, 108, 55) 43262 None elapsed 0.39
BRANCH (112, 108, 55) (1, 0, -1) 41046 {'coeff': [16, -1667, 2, -1745, 33, -148, 5, -241273, -241273, -241273, 1], 'K': -8614523, 'forced': -3135691623, 'gap': 5251} elapsed 0.42
BRANCH (112, 108, 55) (1, 1, -1) 19288 {'coeff': [34, -680, -6, -463, 5, 11, -6, -98350, -98350, -98350, 15830, -13675, 415], 'K': 2797360, 'forced': 1017846113, 'gap': 392927} elapsed 0.43
MINIMUM (111, 109, 55) 25532 None elapsed 0.44
BRANCH (111, 109, 55) (1, 1, -1) 25532 {'coeff': [58, -740, -25, -885, 9, -81, -5, -172054, -56376, 5797, 1871, -23381, 756], 'K': 5387257, 'forced': 1960455454, 'gap': 506094} elapsed 0.46
MINIMUM (110, 110, 55) 30641 None elapsed 0.46
BRANCH (110, 110, 55) (1, 1, -1) 30641 {'coeff': [34, -454, -1, -569, 4, -19, -5, -5071, -19219, 1335, -17006, -16584, 815], 'K': 3519641, 'forced': 1280987807, 'gap': 161517} elapsed 0.48
MINIMUM (112, 107, 56) 54796 None elapsed 0.49
BRANCH (112, 107, 56) (1, 0, -1) 53375 {'coeff': [100, -6154, -4, -5787, 118, -997, 35, -890419, -890419, -890419, 1, 0, 0], 'K': -21956215, 'forced': -7992717904, 'gap': 655644} elapsed 0.52
BRANCH (112, 107, 56) (1, 1, -1) 25402 {'coeff': [15, -279, -2, -175, -1, 19, -3, -40330, -40330, -40330, -4010, -8317, 526], 'K': 1375145, 'forced': 500191053, 'gap': 361727} elapsed 0.53
MINIMUM (112, 106, 57) 75965 {'coeff': [90, -13048, 281, -7549, 176, 110, -20], 'K': -40149653, 'forced': -14614801299, 'gap': 327607} elapsed 0.55
MINIMUM (111, 107, 57) 107586 {'coeff': [42, 2230, -63, -5377, 125, -27, -2], 'K': 553842, 'forced': 201432771, 'gap': 165717} elapsed 0.58
MINIMUM (110, 108, 57) 168530 {'coeff': [522, 1514, -183, -3091, 1, -3316, 67], 'K': 99812008, 'forced': 36326614644, 'gap': 4956268} elapsed 0.61
MINIMUM (110, 107, 58) 210595 {'coeff': [835, 58408, -1655, -54109, 1223, -3033, 1], 'K': 189600137, 'forced': 69010357987, 'gap': 4091881} elapsed 0.65
MINIMUM (109, 108, 58) 250598 {'coeff': [101, 37, -31, 728, -28, -810, 3], 'K': 22284194, 'forced': 8111245770, 'gap': 200846} elapsed 0.69
MINIMUM (110, 106, 59) 287567 {'coeff': [278, 16522, -469, -26692, 618, -831, -10], 'K': 33519474, 'forced': 12201033077, 'gap': 55459} elapsed 0.77
MINIMUM (109, 107, 59) 311495 None elapsed 0.82
BRANCH (109, 107, 59) (1, 0, -1) 304686 {'coeff': [95096, -1291095, 15157, -1631199, 21953, -635325, 1868, 80635892, -27503849, 2119335, 327, 0, 1], 'K': 11107924154, 'forced': 4041661751349, 'gap': 1622640707} elapsed 1.04
BRANCH (109, 107, 59) (1, 1, -1) 143682 {'coeff': [13, -150, 2, -126, -3, -5, -2, 5706, -1912, 127, -19376, -5948, 644], 'K': 1846123, 'forced': 671901147, 'gap': 87625} elapsed 1.09
MINIMUM (108, 108, 59) 862496 None elapsed 1.22
BRANCH (108, 108, 59) (0, 0, -1) 800569 {'coeff': [71, -834, -8, -951, -5, -51, -23, 2, 2], 'K': 8740613, 'forced': 3181317260, 'gap': 265872} elapsed 1.85
BRANCH (108, 108, 59) (0, 1, -1) 353549 {'coeff': [73, -1226, 4, -799, -19, -29, -23, -113375, -41823, 4812, 2], 'K': 8095336, 'forced': 2944795398, 'gap': 1906906} elapsed 2.18
BRANCH (108, 108, 59) (1, 0, -1) 360108 {'coeff': [73, -799, -19, -1226, 4, -29, -23, -113375, -41823, 4812, 2], 'K': 8095336, 'forced': 2944795398, 'gap': 1906906} elapsed 2.5
BRANCH (108, 108, 59) (1, 1, -1) 162454 {'coeff': [27, -301, -1, -301, -3, -7, -6, -14127, -8963, 1102, -22171, -10518, 995], 'K': 3618926, 'forced': 1316206983, 'gap': 1082081} elapsed 2.57
MINIMUM (110, 105, 60) 303719 {'coeff': [201, 10926, -308, -13129, 303, -5796, 200], 'K': 34701136, 'forced': 12629991150, 'gap': 1222354} elapsed 2.65
MINIMUM (109, 106, 60) 422132 None elapsed 2.71
BRANCH (109, 106, 60) (1, 0, -1) 418236 {'coeff': [18976, -324702, 6019, -366765, 5945, -190910, 3499, 17492443, -795236, 266233, 3, 1], 'K': 1953542929, 'forced': 710861135438, 'gap': 228490718} elapsed 2.95
BRANCH (109, 106, 60) (1, 1, -1) 183355 {'coeff': [115, -1267, 23, -985, -23, -745, -1, 94902, -9738, 920, -153357, -34910, 4574], 'K': 17071672, 'forced': 6208153317, 'gap': 5935291} elapsed 3.02
MINIMUM (108, 107, 60) 1073200 None elapsed 3.17
BRANCH (108, 107, 60) (0, 0, -1) 1016905 None elapsed 4.01
BRANCH (108, 107, 60) (0, 1, -1) 469375 {'coeff': [71, 3, -17, -664, -16, -211, -20, -64732, -29767, 3633, 1], 'K': 12024763, 'forced': 4376072369, 'gap': 941363} elapsed 4.45
BRANCH (108, 107, 60) (1, 0, -1) 454683 {'coeff': [112, -1781, 6, -2457, 28, -991, 14, -45405, -45743, 5322, 1, 0, 0], 'K': 9198297, 'forced': 3348015512, 'gap': 164596} elapsed 4.88
BRANCH (108, 107, 60) (1, 1, -1) 213199 {'coeff': [51, -514, 4, -472, -1, -286, -1, 15158, -10300, 1112, -17740, -7421, 1223], 'K': 7780698, 'forced': 2831041750, 'gap': 1132322} elapsed 4.97
MINIMUM (110, 104, 61) 307424 {'coeff': [100, 4296, -122, -5835, 136, -3784, 131], 'K': 15606074, 'forced': 5680420534, 'gap': 190402} elapsed 5.05
MINIMUM (109, 105, 61) 444962 {'coeff': [5, 283, -8, -348, 8, -149, 5], 'K': 821965, 'forced': 299186607, 'gap': 8653} elapsed 5.17
MINIMUM (108, 106, 61) 1467866 None elapsed 5.38
BRANCH (108, 106, 61) (0, 0, -1) 1401287 None elapsed 6.46
BRANCH (108, 106, 61) (0, 1, -1) 606243 {'coeff': [68, 49, -18, -593, -14, -335, -17, -56764, -25247, 3076, 1], 'K': 11850957, 'forced': 4313000109, 'gap': 748239} elapsed 7.01
BRANCH (108, 106, 61) (1, 0, -1) 620142 {'coeff': [18178, -539233, -1334, -665177, 13076, -299926, 9115, -57339603, -14628496, 2307312, 4, 1], 'K': -263136222, 'forced': -95957059170, 'gap': 175474362} elapsed 7.59
BRANCH (108, 106, 61) (1, 1, -1) 272472 {'coeff': [11, -104, 2, -88, -2, -58, -1, 9778, -926, 65, -11747, -3076, 427], 'K': 1751495, 'forced': 637520410, 'gap': 23770} elapsed 7.69
MINIMUM (107, 107, 61) 1303167 None elapsed 7.88
BRANCH (107, 107, 61) (0, 0, -1) 1257556 None elapsed 9.23
BRANCH (107, 107, 61) (0, 1, -1) 575838 {'coeff': [56467, -1213140, 14148, -808514, -15276, -489037, 6048, -103052850, -38409113, 3666118, 366, 0, 1], 'K': 4429631558, 'forced': 1611949876482, 'gap': 436010630} elapsed 9.8
BRANCH (107, 107, 61) (1, 0, -1) 600555 {'coeff': [56467, -808514, -15276, -1213140, 14148, -489037, 6048, -103052850, -38409113, 3666118, 366, 0, 1], 'K': 4429631558, 'forced': 1611949876482, 'gap': 436010630} elapsed 10.35
BRANCH (107, 107, 61) (1, 1, -1) 279664 {'coeff': [380, -3344, -1, -3344, 18, -2023, -32, -28970, -44793, 10332, 67514, -26373, 5470], 'K': 60987036, 'forced': 22182863085, 'gap': 16418019} elapsed 10.46
MINIMUM (110, 103, 62) 311965 {'coeff': [100, 3801, -108, -5120, 120, -4369, 151], 'K': 15901259, 'forced': 5787395788, 'gap': 662488} elapsed 10.55
MINIMUM (109, 104, 62) 450722 {'coeff': [20, 877, -25, -1144, 26, -773, 26], 'K': 3157537, 'forced': 1149139679, 'gap': 203789} elapsed 10.65
MINIMUM (108, 105, 62) 1546890 None elapsed 10.87
BRANCH (108, 105, 62) (0, 0, -1) 1484088 {'coeff': [860, -6142, -121, -87397, 2052, -14985, 296, 20], 'K': -76588932, 'forced': -27878754989, 'gap': 383741} elapsed 12.0
BRANCH (108, 105, 62) (0, 1, -1) 760906 {'coeff': [56, 201, -22, -456, -11, -322, -10, -40831, -15508, 2936, 1], 'K': 10301073, 'forced': 3748667732, 'gap': 922840} elapsed 12.63
BRANCH (108, 105, 62) (1, 0, -1) 653612 {'coeff': [282, -5648, -1, -19307, 447, -9542, 320, -457749, -97710, 22732], 'K': -17043491, 'forced': -6209224858, 'gap': 5394134} elapsed 13.2
BRANCH (108, 105, 62) (1, 1, -1) 339588 {'coeff': [27, -266, 2, -209, -5, -148, -4, 8719, -5288, 704, -25991, -6945, 1197], 'K': 4186070, 'forced': 1522574125, 'gap': 1155355} elapsed 13.36
MINIMUM (107, 106, 62) 1802353 None elapsed 13.63
BRANCH (107, 106, 62) (0, 0, -1) 1755139 None elapsed 15.13
BRANCH (107, 106, 62) (0, 1, -1) 739978 {'coeff': [22265, -808127, 13952, -497162, -5148, -325154, 8033, -60707741, -15431226, 1905819, 73, 0, 1], 'K': 189521195, 'forced': 68656338202, 'gap': 329376778} elapsed 15.85
BRANCH (107, 106, 62) (1, 0, -1) 815013 {'coeff': [16739, -633297, -2713, -619125, 12467, -382331, 12381, -76549561, -16801011, 2168016, 0, 1], 'K': -850619980, 'forced': -309844462104, 'gap': 218789384} elapsed 16.58
BRANCH (107, 106, 62) (1, 1, -1) 358194 {'coeff': [13, -120, -3, -110, -3, -72, -2, -16131, -5103, 617, -15433, -3949, 559], 'K': 1803235, 'forced': 656097298, 'gap': 280242} elapsed 16.79
MINIMUM (110, 102, 63) 314193 {'coeff': [6, 177, -5, -349, 8, -304, 10], 'K': 675662, 'forced': 245938842, 'gap': 2126} elapsed 16.86
MINIMUM (109, 103, 63) 453126 {'coeff': [20, 739, -21, -1129, 26, -857, 29], 'K': 2829362, 'forced': 1029431259, 'gap': 456509} elapsed 16.97
MINIMUM (108, 104, 63) 1562476 None elapsed 17.19
BRANCH (108, 104, 63) (0, 0, -1) 1506966 {'coeff': [96, -654, -11, -7589, 178, -3188, 92, 2], 'K': -3604965, 'forced': -1312997780, 'gap': 790520} elapsed 18.29
BRANCH (108, 104, 63) (0, 1, -1) 906001 {'coeff': [50, -37, -15, -391, -9, -296, -8, -33746, -12566, 2113, 1], 'K': 8765170, 'forced': 3190134210, 'gap': 387670} elapsed 18.97
BRANCH (108, 104, 63) (1, 0, -1) 661079 {'coeff': [50, -2745, 70, -3390, 79, -1825, 61, 65372, 17410, 1126], 'K': -6390127, 'forced': -2327287846, 'gap': 1281618} elapsed 19.6
BRANCH (108, 104, 63) (1, 1, -1) 403248 {'coeff': [35, -364, -9, -266, -6, -201, -5, -57113, -17506, 2418, -31767, -9559, 1336], 'K': 4909028, 'forced': 1786322238, 'gap': 563954} elapsed 19.77
MINIMUM (107, 105, 63) 1883043 None elapsed 20.09
BRANCH (107, 105, 63) (0, 0, -1) 1841063 None elapsed 21.53
BRANCH (107, 105, 63) (0, 1, -1) 920920 {'coeff': [17997, -726714, 12980, -414119, 377, -291338, 6924, -28080476, -8490966, 1407200, 43, 0, 1], 'K': 115351447, 'forced': 41599874514, 'gap': 388052194} elapsed 22.36
BRANCH (107, 105, 63) (1, 0, -1) 855790 {'coeff': [25, -10, -15, -1820, 42, -896, 30, -55505, -11981, 1605], 'K': -610163, 'forced': -222439899, 'gap': 340567} elapsed 23.09
BRANCH (107, 105, 63) (1, 1, -1) 446170 {'coeff': [29, -283, -7, -242, -6, -170, -5, -39242, -13135, 1486, -34822, -7020, 1553], 'K': 4037841, 'forced': 1468812607, 'gap': 961517} elapsed 23.27
MINIMUM (106, 106, 63) 2497550 None elapsed 23.63
BRANCH (106, 106, 63) (0, 0, -1) 2460769 None elapsed 25.62
BRANCH (106, 106, 63) (0, 1, -1) 978895 {'coeff': [15103, -479521, 9054, -587242, 5074, -382677, 12185, -31693974, -7782944, 1244220, 0, 1], 'K': -289580286, 'forced': -105680474532, 'gap': 273250428} elapsed 26.57
BRANCH (106, 106, 63) (1, 0, -1) 1067658 {'coeff': [15103, -587242, 5074, -479521, 9054, -382677, 12185, -31693974, -7782944, 1244220, 0, 1], 'K': -289580286, 'forced': -105680474532, 'gap': 273250428} elapsed 27.61
BRANCH (106, 106, 63) (1, 1, -1) 471169 {'coeff': [14, -128, -3, -128, -3, -83, -2, -17876, -4362, 650, -17876, -4362, 636], 'K': 1956072, 'forced': 711629377, 'gap': 380831} elapsed 27.86
MINIMUM (109, 102, 64) 455050 {'coeff': [4, 106, -3, -216, 5, -187, 6], 'K': 474949, 'forced': 172801254, 'gap': 80182} elapsed 27.95
MINIMUM (108, 103, 64) 1575216 None elapsed 28.18
BRANCH (108, 103, 64) (0, 0, -1) 1529737 {'coeff': [54, -681, 3, -3644, 85, -2451, 79, 1], 'K': -1659334, 'forced': -604694287, 'gap': 696711} elapsed 29.28
BRANCH (108, 103, 64) (0, 1, -1) 1056563 {'coeff': [53, 48, -17, -408, -9, -329, -12, -30695, -14560, 2005, 1], 'K': 9664610, 'forced': 3517388215, 'gap': 529825} elapsed 29.98
BRANCH (108, 103, 64) (1, 0, -1) 668301 {'coeff': [20, -1173, 30, -1171, 27, -852, 28, 22247, 7165, 497], 'K': -2352990, 'forced': -857065766, 'gap': 577406} elapsed 30.6
BRANCH (108, 103, 64) (1, 1, -1) 470075 {'coeff': [10, -118, -3, -81, -2, -65, -1, -18959, -5432, 826, -9112, -2523, 348], 'K': 1312579, 'forced': 477539314, 'gap': 239442} elapsed 30.79
MINIMUM (107, 104, 64) 1881351 None elapsed 31.07
BRANCH (107, 104, 64) (0, 0, -1) 1846465 {'coeff': [13631, -772198, 15748, -1177039, 28115, -584759, 19547, 13, 0, 1], 'K': -2775845221, 'forced': -1010478840781, 'gap': 71180337} elapsed 32.54
BRANCH (107, 104, 64) (0, 1, -1) 1086032 {'coeff': [15169, -689752, 12499, -365229, 4871, -275045, 7354, -6324056, -2959921, 528793, 29, 0, 1], 'K': 7817826, 'forced': 2437796916, 'gap': 407891748} elapsed 33.43
BRANCH (107, 104, 64) (1, 0, -1) 861712 {'coeff': [24, -565, 5, -1702, 40, -911, 30, -27174, -4094, 1145], 'K': -1650076, 'forced': -601319220, 'gap': 691556} elapsed 34.16
BRANCH (107, 104, 64) (1, 1, -1) 528235 {'coeff': [25, -264, -6, -209, -5, -158, -5, -41458, -12195, 1397, -29401, -7121, 1039], 'K': 3435908, 'forced': 1250484775, 'gap': 185737} elapsed 34.39
MINIMUM (106, 105, 64) 2602377 None elapsed 34.76
BRANCH (106, 105, 64) (0, 0, -1) 2571792 None elapsed 36.64
BRANCH (106, 105, 64) (0, 1, -1) 1214165 {'coeff': [16379, -799105, 16567, -555497, 8530, -394614, 11494, -11344738, -3556013, 1029165, 0, 1], 'K': -564373737, 'forced': -205760063925, 'gap': 328023657} elapsed 37.8
BRANCH (106, 105, 64) (1, 0, -1) 1120701 {'coeff': [10, -8, -5, -741, 17, -363, 12, -17127, -3820, 535], 'K': -247824, 'forced': -90245388, 'gap': 37452} elapsed 38.83
BRANCH (106, 105, 64) (1, 1, -1) 587328 {'coeff': [27, -264, -6, -244, -6, -171, -5, -38716, -10249, 1392, -34703, -8292, 1555], 'K': 3730182, 'forced': 1357589480, 'gap': 196768} elapsed 39.09
MINIMUM (108, 102, 65) 1573638 {'coeff': [10, -634, 14, -628, 15, -370, 12], 'K': -1412664, 'forced': -514252476, 'gap': 42780} elapsed 39.44
MINIMUM (107, 103, 65) 1878870 {'coeff': [51, -2400, 52, -3462, 81, -1722, 50], 'K': -5502240, 'forced': -2002934532, 'gap': 119172} elapsed 39.87
MINIMUM (106, 104, 65) 2572232 None elapsed 40.27
BRANCH (106, 104, 65) (0, 0, -1) 2549650 {'coeff': [62494, -2535772, 56141, -5691426, 136659, -3180721, 106997, 19, 2], 'K': -10684844664, 'forced': -3889542889338, 'gap': 259431642} elapsed 42.24
BRANCH (106, 104, 65) (0, 1, -1) 1420214 {'coeff': [15086, -588984, 11676, -572823, 10658, -428353, 13227, -5639464, -2130208, 616299, 0, 1], 'K': -266999640, 'forced': -97597725415, 'gap': 409856455} elapsed 43.45
BRANCH (106, 104, 65) (1, 0, -1) 1121258 {'coeff': [53, -2750, 50, -3798, 89, -2019, 66, -51531, -6638, 3151], 'K': -7580442, 'forced': -2760739882, 'gap': 1458994} elapsed 44.5
BRANCH (106, 104, 65) (1, 1, -1) 691844 {'coeff': [27, -286, -7, -246, -6, -184, -5, -43811, -11210, 1466, -33444, -8477, 1253], 'K': 3633480, 'forced': 1321752722, 'gap': 833998} elapsed 44.85
MINIMUM (105, 105, 65) 2693802 None elapsed 45.25
BRANCH (105, 105, 65) (0, 0, -1) 2670086 None elapsed 47.05
BRANCH (105, 105, 65) (0, 1, -1) 1263371 {'coeff': [35, -2546, 59, -950, 5, -1238, 40, -57675, -10233, 3121], 'K': -3068022, 'forced': -1117549456, 'gap': 789448} elapsed 48.14
BRANCH (105, 105, 65) (1, 0, -1) 1294530 {'coeff': [35, -950, 5, -2546, 59, -1238, 40, -57675, -10233, 3121], 'K': -3068022, 'forced': -1117549456, 'gap': 789448} elapsed 49.16
BRANCH (105, 105, 65) (1, 1, -1) 680061 {'coeff': [18, -175, -3, -175, -3, -121, -2, -15436, -5405, 940, -15436, -5405, 1059], 'K': 2572694, 'forced': 936074318, 'gap': 386298} elapsed 49.45
MINIMUM (106, 103, 66) 2547340 {'coeff': [50, -3873, 89, -3107, 73, -2130, 69], 'K': -8960505, 'forced': -3261899055, 'gap': 275235} elapsed 50.04
MINIMUM (105, 104, 66) 2656603 {'coeff': [200, -13676, 315, -12668, 294, -9575, 315], 'K': -32677495, 'forced': -11894714793, 'gap': 106613} elapsed 50.73
DONE MINIMUM
