PASS ordinary_s0_111,108,56 count=252726 minimum=57685742 K=57685742 gap=268610
PASS ordinary_s0_110,109,56 count=152148 minimum=134488263 K=134488263 gap=160241
PASS ordinary_s0_109,109,57 count=224340 minimum=122185670 K=122185670 gap=8572688
PASS ordinary_s0_112,105,58 count=241029 minimum=-115998619 K=-115998619 gap=1225121
PASS ordinary_s0_111,106,58 count=446652 minimum=599606906 K=599606906 gap=1832054
PASS ordinary_s0_112,104,59 count=248631 minimum=-11849300 K=-11849300 gap=81886
PASS ordinary_s0_111,105,59 count=468369 minimum=18243714 K=18243714 gap=151734
PASS ordinary_s0_112,103,60 count=256104 minimum=-261053941 K=-261053941 gap=2950859
PASS ordinary_s0_111,104,60 count=483243 minimum=7110610 K=7110610 gap=785152
PASS ordinary_s0_112,102,61 count=263442 minimum=-23877644 K=-23877644 gap=68749
PASS ordinary_s0_111,103,61 count=497847 minimum=11222046 K=11222046 gap=720432
PASS ordinary_s0_111,102,62 count=512169 minimum=66879865 K=66879865 gap=1046965
PASS minimum_112,108,55_state10-1 count=120624 minimum=-8614523 K=-8614523 gap=5251
PASS minimum_112,108,55_state11-1 count=55350 minimum=2797360 K=2797360 gap=392927
PASS minimum_111,109,55_state11-1 count=76596 minimum=5387257 K=5387257 gap=506094
PASS minimum_110,110,55_state11-1 count=91923 minimum=3519641 K=3519641 gap=161517
PASS minimum_112,107,56_state10-1 count=160125 minimum=-21956215 K=-21956215 gap=655644
PASS minimum_112,107,56_state11-1 count=72507 minimum=1375145 K=1375145 gap=361727
PASS minimum_112,106,57 count=227895 minimum=-40149653 K=-40149653 gap=327607
PASS minimum_111,107,57 count=322758 minimum=553842 K=553842 gap=165717
PASS minimum_110,108,57 count=495800 minimum=99812008 K=99812008 gap=4956268
PASS minimum_110,107,58 count=631785 minimum=189600137 K=189600137 gap=4091881
PASS minimum_109,108,58 count=737370 minimum=22284194 K=22284194 gap=200846
PASS minimum_110,106,59 count=862701 minimum=33519474 K=33519474 gap=55459
PASS minimum_109,107,59_state10-1 count=914058 minimum=11107924154 K=11107924154 gap=1622640707
PASS minimum_109,107,59_state11-1 count=409689 minimum=1846123 K=1846123 gap=87625
PASS minimum_108,108,59_state00-1 count=2352045 minimum=8740613 K=8740613 gap=265872
PASS minimum_108,108,59_state01-1 count=1010985 minimum=8095336 K=8095336 gap=1906906
PASS minimum_108,108,59_state10-1 count=1058430 minimum=8095336 K=8095336 gap=1906906
PASS minimum_108,108,59_state11-1 count=465468 minimum=3618926 K=3618926 gap=1082081
PASS minimum_110,105,60 count=901583 minimum=34701136 K=34701136 gap=1222354
PASS minimum_109,106,60_state10-1 count=1254708 minimum=1953542929 K=1953542929 gap=228490718
PASS minimum_109,106,60_state11-1 count=507903 minimum=17071672 K=17071672 gap=5935291
PASS minimum_108,107,60_state01-1 count=1334307 minimum=12024763 K=12024763 gap=941363
PASS minimum_108,107,60_state10-1 count=1364049 minimum=9198297 K=9198297 gap=164596
PASS minimum_108,107,60_state11-1 count=607197 minimum=7780698 K=7780698 gap=1132322
PASS minimum_110,104,61 count=922272 minimum=15606074 K=15606074 gap=190402
PASS minimum_109,105,61 count=1320858 minimum=821965 K=821965 gap=8653
PASS minimum_108,106,61_state01-1 count=1672551 minimum=11850957 K=11850957 gap=748239
PASS minimum_108,106,61_state10-1 count=1860426 minimum=-263136222 K=-263136222 gap=175474362
PASS minimum_108,106,61_state11-1 count=753513 minimum=1751495 K=1751495 gap=23770
PASS minimum_107,107,61_state01-1 count=1637454 minimum=4429631558 K=4429631558 gap=436010630
PASS minimum_107,107,61_state10-1 count=1647048 minimum=4429631558 K=4429631558 gap=436010630
PASS minimum_107,107,61_state11-1 count=728841 minimum=60987036 K=60987036 gap=16418019
PASS minimum_110,103,62 count=935895 minimum=15901259 K=15901259 gap=662488
PASS minimum_109,104,62 count=1352166 minimum=3157537 K=3157537 gap=203789
PASS minimum_108,105,62_state00-1 count=4403910 minimum=-76588932 K=-76588932 gap=383741
PASS minimum_108,105,62_state01-1 count=2017917 minimum=10301073 K=10301073 gap=922840
PASS minimum_108,105,62_state10-1 count=1939572 minimum=-17043491 K=-17043491 gap=5394134
PASS minimum_108,105,62_state11-1 count=903225 minimum=4186070 K=4186070 gap=1155355
PASS minimum_107,106,62_state01-1 count=2042238 minimum=189521195 K=189521195 gap=329376778
PASS minimum_107,106,62_state10-1 count=2242800 minimum=-850619980 K=-850619980 gap=218789384
PASS minimum_107,106,62_state11-1 count=905043 minimum=1803235 K=1803235 gap=280242
PASS minimum_110,102,63 count=933557 minimum=675662 K=675662 gap=2126
PASS minimum_109,103,63 count=1359378 minimum=2829362 K=2829362 gap=456509
PASS minimum_108,104,63_state00-1 count=4520898 minimum=-3604965 K=-3604965 gap=790520
PASS minimum_108,104,63_state01-1 count=2362329 minimum=8765170 K=8765170 gap=387670
PASS minimum_108,104,63_state10-1 count=1983237 minimum=-6390127 K=-6390127 gap=1281618
PASS minimum_108,104,63_state11-1 count=1054683 minimum=4909028 K=4909028 gap=563954
PASS minimum_107,105,63_state01-1 count=2442284 minimum=115351447 K=115351447 gap=388052194
PASS minimum_107,105,63_state10-1 count=2324717 minimum=-610163 K=-610163 gap=340567
PASS minimum_107,105,63_state11-1 count=1082105 minimum=4037841 K=4037841 gap=961517
PASS minimum_106,106,63_state01-1 count=2709195 minimum=-289580286 K=-289580286 gap=273250428
PASS minimum_106,106,63_state10-1 count=2805879 minimum=-289580286 K=-289580286 gap=273250428
PASS minimum_106,106,63_state11-1 count=1132989 minimum=1956072 K=1956072 gap=380831
PASS minimum_109,102,64 count=1351920 minimum=474949 K=474949 gap=80182
PASS minimum_108,103,64_state00-1 count=4589211 minimum=-1659334 K=-1659334 gap=696711
PASS minimum_108,103,64_state01-1 count=2681868 minimum=9664610 K=9664610 gap=529825
PASS minimum_108,103,64_state10-1 count=2004903 minimum=-2352990 K=-2352990 gap=577406
PASS minimum_108,103,64_state11-1 count=1196649 minimum=1312579 K=1312579 gap=239442
PASS minimum_107,104,64_state00-1 count=5539395 minimum=-2775845221 K=-2775845221 gap=71180337
PASS minimum_107,104,64_state01-1 count=2829573 minimum=7817826 K=7817826 gap=407891748
PASS minimum_107,104,64_state10-1 count=2361003 minimum=-1650076 K=-1650076 gap=691556
PASS minimum_107,104,64_state11-1 count=1256676 minimum=3435908 K=3435908 gap=185737
PASS minimum_106,105,64_state01-1 count=3233760 minimum=-564373737 K=-564373737 gap=328023657
PASS minimum_106,105,64_state10-1 count=2904681 minimum=-247824 K=-247824 gap=37452
PASS minimum_106,105,64_state11-1 count=1353990 minimum=3730182 K=3730182 gap=196768
PASS minimum_108,102,65 count=4673910 minimum=-1412664 K=-1412664 gap=42780
PASS minimum_107,103,65 count=5636610 minimum=-5502240 K=-5502240 gap=119172
PASS minimum_106,104,65_state00-1 count=7648950 minimum=-10684844664 K=-10684844664 gap=259431642
PASS minimum_106,104,65_state01-1 count=3716358 minimum=-266999640 K=-266999640 gap=409856455
PASS minimum_106,104,65_state10-1 count=2927883 minimum=-7580442 K=-7580442 gap=1458994
PASS minimum_106,104,65_state11-1 count=1561713 minimum=3633480 K=3633480 gap=833998
PASS minimum_105,105,65_state01-1 count=3357678 minimum=-3068022 K=-3068022 gap=789448
PASS minimum_105,105,65_state10-1 count=3428892 minimum=-3068022 K=-3068022 gap=789448
PASS minimum_105,105,65_state11-1 count=1601052 minimum=2572694 K=2572694 gap=386298
PASS minimum_106,103,66 count=7642020 minimum=-8960505 K=-8960505 gap=275235
PASS minimum_105,104,66 count=7969809 minimum=-32677495 K=-32677495 gap=106613
ALL_PASS certificates=88 matrices=153548040
