MODEL (107, 106, 62) 1755139 388 inner_nnz 2506656 elapsed 2.77
ITER (107, 106, 62) 0 gap 1.0953392888730114 max 2.8572545604484594 elapsed 2.8
ITER (107, 106, 62) 1 gap 0.4789460795949959 max 3.250597964256999 elapsed 2.88
ITER (107, 106, 62) 2 gap 0.2905623935089904 max 2.4893915712052075 elapsed 3.04
ITER (107, 106, 62) 3 gap 0.21041586264006196 max 2.186842946449196 elapsed 3.37
ITER (107, 106, 62) 4 gap 0.18139334570694954 max 2.370048318694404 elapsed 3.59
ITER (107, 106, 62) 5 gap 0.14419855870653386 max 1.9823652037272699 elapsed 3.75
ITER (107, 106, 62) 6 gap 0.10718043542199363 max 1.8981487200362506 elapsed 4.03
ITER (107, 106, 62) 7 gap 0.07771003382922526 max 1.9366410502192004 elapsed 4.26
ITER (107, 106, 62) 8 gap 0.05598614921911971 max 1.8454332257684376 elapsed 4.68
ITER (107, 106, 62) 9 gap 0.04993465776317396 max 1.7227234130195805 elapsed 5.15
ITER (107, 106, 62) 10 gap 0.045352449002304174 max 1.58732039802682 elapsed 5.53
ITER (107, 106, 62) 11 gap 0.03785670400764707 max 0.4806689831167238 elapsed 6.11
ITER (107, 106, 62) 12 gap 0.022393336967115318 max 0.5538804904251675 elapsed 6.59
ITER (107, 106, 62) 13 gap 0.019499408334985202 max 0.34174506259960374 elapsed 7.21
ITER (107, 106, 62) 14 gap 0.015498193014568451 max 0.27156939033064487 elapsed 7.86
ITER (107, 106, 62) 15 gap 0.010202920929378578 max 0.18417309354593284 elapsed 8.75
ITER (107, 106, 62) 16 gap 0.003109796692888467 max 0.14444447269550453 elapsed 9.83
ITER (107, 106, 62) 17 gap 0.0016780251528930312 max 0.09922432769422318 elapsed 10.69
ITER (107, 106, 62) 18 gap 0.0005858228889230599 max 0.05271175235043912 elapsed 11.69
ITER (107, 106, 62) 19 gap 0.00032570852265079164 max 0.04043018661567055 elapsed 12.79
ITER (107, 106, 62) 20 gap 0.00014871208977962347 max 0.03283080295750429 elapsed 14.02
ITER (107, 106, 62) 21 gap -5.995204332975845e-15 max 1.273181560179637e-11 elapsed 15.51
RESULT (107, 106, 62) NO_NEW_CERTIFICATE_NO_INFERENCE
MODEL (107, 105, 63) 1841063 386 inner_nnz 2506656 elapsed 17.78
ITER (107, 105, 63) 0 gap 1.0408581561531276 max 2.9251238622956093 elapsed 17.82
ITER (107, 105, 63) 1 gap 0.6566637202384018 max 2.596059617036433 elapsed 17.86
ITER (107, 105, 63) 2 gap 0.42159708293516146 max 2.2312748568029432 elapsed 18.01
ITER (107, 105, 63) 3 gap 0.4096351780409354 max 2.142660263953162 elapsed 18.2
ITER (107, 105, 63) 4 gap 0.22856217345927932 max 3.0036604217988914 elapsed 18.35
ITER (107, 105, 63) 5 gap 0.0419662600714964 max 1.618655819594935 elapsed 18.8
ITER (107, 105, 63) 6 gap 0.03478989724093706 max 1.6642426860764363 elapsed 19.35
ITER (107, 105, 63) 7 gap 0.02515008410479791 max 1.610356878245665 elapsed 19.76
ITER (107, 105, 63) 8 gap 0.022981217237304286 max 1.366153132158063 elapsed 20.27
ITER (107, 105, 63) 9 gap 0.020949665581965204 max 1.8008231889800055 elapsed 20.79
ITER (107, 105, 63) 10 gap 0.018338598726851285 max 1.2003046859646818 elapsed 21.42
ITER (107, 105, 63) 11 gap 0.015612702912770282 max 0.8637740873704856 elapsed 22.11
ITER (107, 105, 63) 12 gap 0.009789297194655988 max 0.7882257315014594 elapsed 22.82
ITER (107, 105, 63) 13 gap 0.007549550545784711 max 0.6919151672591881 elapsed 24.1
ITER (107, 105, 63) 14 gap 0.006634595608162042 max 1.4835062159568406 elapsed 24.94
ITER (107, 105, 63) 15 gap 0.006218845147260343 max 0.16132883109084395 elapsed 26.25
ITER (107, 105, 63) 16 gap 0.004312637745225167 max 0.14844361886735535 elapsed 27.2
ITER (107, 105, 63) 17 gap 0.0034782948455699403 max 0.18484330820208494 elapsed 28.3
ITER (107, 105, 63) 18 gap 0.0027964313756713155 max 0.06735699103378257 elapsed 29.35
ITER (107, 105, 63) 19 gap 0.0023510726825110018 max 0.05292543422347962 elapsed 30.6
ITER (107, 105, 63) 20 gap 0.0021442741347461602 max 0.025219231581052326 elapsed 31.97
ITER (107, 105, 63) 21 gap 0.00170671410966583 max 0.03879783142656701 elapsed 33.18
ITER (107, 105, 63) 22 gap 0.0015824593319152536 max 0.05628981327147642 elapsed 34.39
ITER (107, 105, 63) 23 gap 0.0008476544059086155 max 0.03703062117601885 elapsed 36.08
ITER (107, 105, 63) 24 gap 0.0005752686326108147 max 0.02480308749221305 elapsed 37.26
ITER (107, 105, 63) 25 gap 0.0005027409827189633 max 0.014090828601204142 elapsed 38.53
ITER (107, 105, 63) 26 gap 0.0004960286231405764 max 0.008141714374342746 elapsed 39.85
ITER (107, 105, 63) 27 gap 0.0004944145461326377 max 0.0008202371040763046 elapsed 41.56
ITER (107, 105, 63) 28 gap 0.0004944145461335259 max 0.002706076731042839 elapsed 42.84
ITER (107, 105, 63) 29 gap 0.0004944145461319716 max 4.2299497238218464e-14 elapsed 44.18
RECOVER (107, 105, 63) 1000000 -451949 0
RECOVER (107, 105, 63) 100000000 -2223972 0
RECOVER (107, 105, 63) 10000000000 -232327181 0
RECOVER (107, 105, 63) 1000000000000 -44312219988 0
RECOVER (107, 105, 63) 100000000000000 39396474454 0
RESULT (107, 105, 63) EXACT_INTEGER_CANDIDATE_REQUIRES_INDEPENDENT_REPLAY
