FRESH_INNER 1407366 80583 elapsed 6.28
MODEL (107, 106, 62) 1755139 587 inner_nnz 3301281 elapsed 9.18
ITER (107, 106, 62) 0 gap 1.136299520233937 max 5.329745354966502 elapsed 9.29
ITER (107, 106, 62) 1 gap 1.0421785148243148 max 3.3888372932944777 elapsed 9.38
ITER (107, 106, 62) 2 gap 0.8120537016641494 max 2.5356835601408085 elapsed 9.63
ITER (107, 106, 62) 3 gap 0.4881500626856636 max 3.826375281734417 elapsed 9.86
ITER (107, 106, 62) 4 gap 0.45356414946173873 max 2.1154863440875227 elapsed 10.23
ITER (107, 106, 62) 5 gap 0.4105917052159427 max 2.3669808943679156 elapsed 10.56
ITER (107, 106, 62) 6 gap 0.1930052089669868 max 2.0333883223911267 elapsed 11.04
ITER (107, 106, 62) 7 gap 0.07045721457185539 max 2.0733485462630217 elapsed 11.42
ITER (107, 106, 62) 8 gap 0.05365343738024819 max 1.8767519283180614 elapsed 12.13
ITER (107, 106, 62) 9 gap 0.046865045944934014 max 1.8321506863143415 elapsed 12.81
ITER (107, 106, 62) 10 gap 0.043045695494091096 max 0.4959085020722132 elapsed 14.18
ITER (107, 106, 62) 11 gap 0.040463808654060296 max 0.4585032532827123 elapsed 14.95
ITER (107, 106, 62) 12 gap 0.03807446337121134 max 0.42194655391269587 elapsed 16.02
ITER (107, 106, 62) 13 gap 0.023856039715626665 max 0.3691843799555933 elapsed 16.96
ITER (107, 106, 62) 14 gap 0.017073584802353325 max 0.2932321032377219 elapsed 17.96
ITER (107, 106, 62) 15 gap 0.014774855240107687 max 0.224897508769309 elapsed 19.15
ITER (107, 106, 62) 16 gap 0.011180469978906538 max 0.22176996591264408 elapsed 20.41
ITER (107, 106, 62) 17 gap 0.010078756751679796 max 0.1620233496642214 elapsed 21.96
ITER (107, 106, 62) 18 gap 0.006343932863825064 max 0.12507008956789623 elapsed 23.83
ITER (107, 106, 62) 19 gap 0.003837124168904027 max 0.09374049397190776 elapsed 25.74
ITER (107, 106, 62) 20 gap 0.0033289252173415163 max 0.03198765522387137 elapsed 28.35
ITER (107, 106, 62) 21 gap 0.0030082875109364027 max 0.04732032095206484 elapsed 30.58
ITER (107, 106, 62) 22 gap 0.0024982273808040745 max 0.021064913743008673 elapsed 32.8
ITER (107, 106, 62) 23 gap 0.0024342913111463638 max 0.0216448981819779 elapsed 35.29
ITER (107, 106, 62) 24 gap 0.0022991727426182607 max 0.019936287298472855 elapsed 37.77
ITER (107, 106, 62) 25 gap 0.0022460575437885932 max 0.008121783414425043 elapsed 39.7
ITER (107, 106, 62) 26 gap 0.002234330475959778 max 0.013042776126826028 elapsed 43.04
ITER (107, 106, 62) 27 gap 0.0022327503517327596 max 0.0001361602167961884 elapsed 47.11
ITER (107, 106, 62) 28 gap 0.0022327503517335368 max 0.002267136995066532 elapsed 49.24
ITER (107, 106, 62) 29 gap 0.0022327503517313163 max 4.4164671919588727e-13 elapsed 51.34
RECOVER (107, 106, 62) 1000000 -1354524 0
RECOVER (107, 106, 62) 100000000 -25298589 0
RECOVER (107, 106, 62) 10000000000 -1790617149 0
RECOVER (107, 106, 62) 1000000000000 456644586 0
RESULT (107, 106, 62) EXACT_INTEGER_CANDIDATE_REQUIRES_INDEPENDENT_REPLAY
