LOWER40 44 anchors 25 nonempty matrices 39348 elapsed 0.6459935000166297
INNER6 17 matrices 167757 elapsed 1.625113874906674
OUTER [((105, 105, 65), 2670086)] elapsed 13.233039750019088
ITER 0 rows 361 delta 1.712016542712166 inner_min -3.786704555055412 outer_min [-2.3861506526863945] elapsed 13.38
ITER 1 rows 804 delta 1.2076708042825275 inner_min -3.9720432624655797 outer_min [-2.8484298507756556] elapsed 13.42
ITER 2 rows 1153 delta 0.9854155129657488 inner_min -2.373455059881927 outer_min [-3.005926181366524] elapsed 13.46
ITER 3 rows 1271 delta 0.33486490813864045 inner_min -2.934088625460034 outer_min [-3.1151145585036266] elapsed 13.51
ITER 4 rows 1850 delta 0.2305566521701754 inner_min -2.5259798759347305 outer_min [-3.743655918373703] elapsed 13.58
ITER 5 rows 2363 delta 0.11646201627006986 inner_min -1.3338649637403879 outer_min [-3.0298119056017176] elapsed 13.68
ITER 6 rows 2833 delta 0.027904713678281158 inner_min -3.5050311160899996 outer_min [-3.2075442361906283] elapsed 13.81
ITER 7 rows 3376 delta 0.022845025082918437 inner_min -1.34672318491625 outer_min [-1.4868352837310463] elapsed 14.03
ITER 8 rows 3911 delta 0.013436735424872958 inner_min -0.31604133150456626 outer_min [-0.7361060087546941] elapsed 14.25
ITER 9 rows 4327 delta 0.012487743768680877 inner_min -0.23102738223740016 outer_min [-0.850402437717841] elapsed 14.56
ITER 10 rows 4618 delta 0.010894129911819048 inner_min -0.07809407190770656 outer_min [-0.6920491732885901] elapsed 14.87
ITER 11 rows 4863 delta 0.009795454628062248 inner_min -0.16577985280768637 outer_min [-0.6643414915932706] elapsed 15.18
ITER 12 rows 5295 delta 0.008481947830493332 inner_min -0.1223995270061975 outer_min [-0.440571323010535] elapsed 15.46
ITER 13 rows 5514 delta 0.00822135143183226 inner_min -0.13693440643387622 outer_min [-0.4478905174662554] elapsed 15.81
ITER 14 rows 5801 delta 0.008198458682710448 inner_min -0.0521750615253771 outer_min [-0.4704205420045371] elapsed 16.19
ITER 15 rows 6013 delta 0.007417342679198046 inner_min -0.12175868574128046 outer_min [-0.3913211031538902] elapsed 16.78
ITER 16 rows 6532 delta 0.007409217504780617 inner_min -0.14823429532179844 outer_min [-0.350205903523995] elapsed 17.37
ITER 17 rows 6971 delta 0.007389249018031259 inner_min -0.06355415413003729 outer_min [-0.26072541619863576] elapsed 17.91
ITER 18 rows 7252 delta 0.007279964734179987 inner_min -0.10066027144033352 outer_min [-0.1470321389516463] elapsed 18.72
ITER 19 rows 7510 delta 0.007069804205946749 inner_min -0.09924513161993942 outer_min [-0.1825777368710103] elapsed 19.46
ITER 20 rows 7904 delta 0.0050338486583408615 inner_min -0.05197050384990509 outer_min [-0.22871992322607418] elapsed 20.21
ITER 21 rows 8309 delta 0.005007785781224056 inner_min -0.020120319897275807 outer_min [-0.1198134964118919] elapsed 21.07
ITER 22 rows 8480 delta 0.004502385083151819 inner_min -0.23785420412342528 outer_min [-0.15491660532727186] elapsed 22.23
ITER 23 rows 8960 delta 0.0028249152558788085 inner_min -0.04847169375530158 outer_min [-0.03735031803930473] elapsed 23.33
ITER 24 rows 9249 delta 0.0025068711709005597 inner_min -0.07252630508772295 outer_min [-0.02747729922000052] elapsed 24.66
ITER 25 rows 9660 delta 0.0023524475685446186 inner_min -0.042242983951401025 outer_min [-0.014809039105766222] elapsed 26.01
ITER 26 rows 9888 delta 0.001278928888670586 inner_min -0.013961212103432041 outer_min [-0.016218780004704662] elapsed 27.62
ITER 27 rows 10345 delta 0.0011994470279617603 inner_min -0.0073379988309888455 outer_min [-0.01356839036301118] elapsed 29.57
ITER 28 rows 10565 delta 0.001110862296524451 inner_min -0.004170509680421874 outer_min [-0.00879045049085805] elapsed 31.03
ITER 29 rows 10847 delta 0.0010065569096358534 inner_min -0.012545106378168969 outer_min [-0.012638321857287894] elapsed 32.47
ITER 30 rows 11067 delta 0.0009377394840562999 inner_min -0.003781054015931873 outer_min [-0.011697477940531905] elapsed 34.15
ITER 31 rows 11256 delta 0.0009200317245417029 inner_min -0.02161981469351082 outer_min [-0.007637527311189085] elapsed 35.56
ITER 32 rows 11398 delta 0.0008068125052167021 inner_min -0.006232521728135598 outer_min [-0.0028960377102548313] elapsed 36.94
ITER 33 rows 11587 delta 0.0007895797353704861 inner_min -0.002321502520604035 outer_min [-0.002404231859689583] elapsed 38.69
ITER 34 rows 11708 delta 0.0007868238987739121 inner_min -0.057970285684307954 outer_min [-0.0007365492858894662] elapsed 40.59
ITER 35 rows 11881 delta 0.0007599636081852092 inner_min -0.0017512352941233544 outer_min [-0.0018749333527739295] elapsed 41.96
ITER 36 rows 11940 delta 0.0007599636081854015 inner_min -0.010206523751627783 outer_min [-0.014415557788657917] elapsed 43.65
ITER 37 rows 12034 delta 0.0007599636081849357 inner_min -0.03210698243356558 outer_min [0.0002465332338172114] elapsed 45.51
ITER 38 rows 12095 delta 0.000759587097214589 inner_min -0.005647862803388803 outer_min [-0.0032174887731887813] elapsed 46.57
ITER 39 rows 12259 delta 0.000759587097214509 inner_min -0.32462724032227463 outer_min [-0.0016324877896520176] elapsed 48.36
ITER 40 rows 12357 delta 0.0007595870972144848 inner_min -0.0013053551965511723 outer_min [0.0002417383962994065] elapsed 49.62
ITER 41 rows 12393 delta 0.0007595870972191329 inner_min -0.007568709663279827 outer_min [0.0007595870971925933] elapsed 50.99
ITER 42 rows 12425 delta 0.0007595870972145705 inner_min -0.0008177731253455889 outer_min [0.0007595870972129104] elapsed 52.65
ITER 43 rows 12446 delta 0.0007595870972149776 inner_min -0.0010665378133319914 outer_min [0.0007595870972012635] elapsed 54.49
ITER 44 rows 12488 delta 0.0007595870972143533 inner_min -0.01710063415294938 outer_min [0.0007595870972138263] elapsed 56.19
ITER 45 rows 12497 delta 0.0007595870972147187 inner_min -0.001761165717543367 outer_min [0.0007595870972116302] elapsed 57.75
ITER 46 rows 12520 delta 0.0007595870972144881 inner_min -0.10089070036770587 outer_min [0.0007595870972132435] elapsed 60.21
ITER 47 rows 12546 delta 0.0007595870972142222 inner_min -0.0009578964233544207 outer_min [0.0007595870972089895] elapsed 61.76
ITER 48 rows 12552 delta 0.0007595870972145254 inner_min -0.0007405910950547545 outer_min [0.0007595870972143945] elapsed 64.12
ITER 49 rows 12577 delta 0.0007595870972146678 inner_min -0.01809099203784481 outer_min [0.0007595870972126155] elapsed 65.6
ITER 50 rows 12644 delta 0.0007595870972146601 inner_min -0.0007036162267355373 outer_min [0.0007595870972141757] elapsed 66.54
ITER 51 rows 12656 delta 0.0007595870972143695 inner_min -8.536273957138185e-06 outer_min [0.0007595870972108253] elapsed 67.98
ITER 52 rows 12659 delta 0.0007595870972146433 inner_min -0.034712633404381354 outer_min [0.0007595870972136546] elapsed 69.52
ITER 53 rows 12700 delta 0.0007595870972144584 inner_min -0.0004407094362813835 outer_min [0.0007595870972126884] elapsed 71.09
ITER 54 rows 12708 delta 0.0007595870972145833 inner_min -0.004803063089514836 outer_min [0.000759587097214126] elapsed 72.83
ITER 55 rows 12729 delta 0.0007595870972146045 inner_min -0.0013502229297641666 outer_min [0.0007595870972130214] elapsed 74.76
ITER 56 rows 12734 delta 0.000759587097214464 inner_min -0.0035886046177907582 outer_min [0.0007595870972122138] elapsed 76.31
ITER 57 rows 12750 delta 0.0007595870972146968 inner_min -0.0004051553293877852 outer_min [0.0007595870972140408] elapsed 78.62
ITER 58 rows 12753 delta 0.0007595870972142715 inner_min -0.00020895254159725152 outer_min [0.0007595870972132227] elapsed 80.42
ITER 59 rows 12754 delta 0.0007595870972144573 inner_min -0.002025250495625852 outer_min [0.0007595870972123939] elapsed 81.6
ITER 60 rows 12770 delta 0.00075958709721477 inner_min -0.00025797647970948745 outer_min [0.0007595870972126832] elapsed 83.84
ITER 61 rows 12772 delta 0.0007595870972144641 inner_min -0.0008121735207404779 outer_min [0.0007595870971848218] elapsed 85.53
ITER 62 rows 12788 delta 0.0007595870972138095 inner_min -0.0008196302758941565 outer_min [0.0007595870970015239] elapsed 86.88
ITER 63 rows 12816 delta 0.0007595870972147126 inner_min -0.00047523652703806984 outer_min [0.0007595870972072274] elapsed 88.44
ITER 64 rows 12823 delta 0.0007595870972144519 inner_min -0.0010538926110513769 outer_min [0.000759587097210912] elapsed 89.9
ITER 65 rows 12834 delta 0.0007595870972150198 inner_min -0.0038596458411628287 outer_min [-0.0004564005478073182] elapsed 91.09
ITER 66 rows 12892 delta 0.0007595870972147022 inner_min -0.026114434021707877 outer_min [0.0007595870972131116] elapsed 92.69
ITER 67 rows 12908 delta 0.000759587097214343 inner_min -0.005475525838092077 outer_min [0.000759587097212851] elapsed 94.56
ITER 68 rows 12917 delta 0.0007595870972143863 inner_min -0.001550613360558728 outer_min [0.0007595870972043617] elapsed 95.97
ITER 69 rows 12938 delta 0.0007595870972135248 inner_min -0.00027334967793113396 outer_min [0.0007595870972081122] elapsed 97.69
ITER 70 rows 12940 delta 0.0007595870972150513 inner_min -0.0011393337097599376 outer_min [0.0007595870971899878] elapsed 99.35
ITER 71 rows 12958 delta 0.000759587097214286 inner_min -1.2244040032860504e-05 outer_min [0.0007595870972124041] elapsed 101.09
ITER 72 rows 12961 delta 0.0007595870972145626 inner_min -6.874101507114982e-05 outer_min [0.0007595870971993136] elapsed 103.04
ITER 73 rows 12965 delta 0.0007595870972143533 inner_min -0.0008017646819987734 outer_min [0.0007595870972081312] elapsed 105.1
ITER 74 rows 12976 delta 0.000759587097214481 inner_min -0.0154021963736366 outer_min [0.0007595870972137919] elapsed 106.99
ITER 75 rows 12981 delta 0.0007595870972151979 inner_min -0.0008270550936106957 outer_min [0.000759587097214742] elapsed 108.3
ITER 76 rows 12992 delta 0.0007595870972145487 inner_min -0.00042678647552885085 outer_min [0.0007595870972085597] elapsed 110.3
ITER 77 rows 13020 delta 0.0007595870972144297 inner_min -0.00019835904745324484 outer_min [0.0007595870972138784] elapsed 111.79
ITER 78 rows 13035 delta 0.000759587097215257 inner_min -0.0006483857195991316 outer_min [0.0007595870972131324] elapsed 113.33
ITER 79 rows 13047 delta 0.0007595870972140523 inner_min -0.0009013643852661124 outer_min [0.000759587097210631] elapsed 114.91
ITER 80 rows 13049 delta 0.0007595870972146135 inner_min -3.4861002973229915e-14 outer_min [0.0007595870972134256] elapsed 116.84
INTEGER 10000 [-803783]
INTEGER 100000 [-2564138]
INTEGER 1000000 [-10588259]
INTEGER 10000000 [-94736101]
INTEGER 100000000 [-317759924]
INTEGER 1000000000 [-431770214]
INTEGER 10000000000 [1926831607]
RESULT CANDIDATE_EXACT_CERTIFICATE POSITIVE_FLOAT_CANDIDATE
