PASS hist40_14_13_13 preclash=19998 count=19947 min=30003917154 K=30003917154 bound_or_gap=-1209524081422
PASS hist40_14_14_12 preclash=18102 count=18006 min=30035348425 K=30035348425 bound_or_gap=-1209524084768
PASS hist40_15_13_12 preclash=16527 count=16398 min=30034640591 K=30034640591 bound_or_gap=-1209524081280
PASS hist40_15_14_11 preclash=13227 count=13074 min=30041110427 K=30041110427 bound_or_gap=-1209524083916
PASS hist40_15_15_10 preclash=10086 count=9906 min=30056481545 K=30056481545 bound_or_gap=-1209524084348
PASS hist40_16_12_12 preclash=9705 count=9576 min=29327087577 K=29327087577 bound_or_gap=-1209524083120
PASS hist40_16_13_11 preclash=8454 count=8331 min=-18825528396 K=-18825528396 bound_or_gap=-1209524082068
PASS hist40_16_14_10 preclash=6246 count=6129 min=30041981097 K=30041981097 bound_or_gap=-1209524085007
PASS hist40_16_15_9 preclash=4299 count=4158 min=-14336483085 K=-14336483085 bound_or_gap=-1209524084913
PASS hist40_16_16_8 preclash=2565 count=2460 min=-8032067938 K=-8032067938 bound_or_gap=-1209524083865
PASS hist40_17_12_11 preclash=3423 count=3258 min=-64229589284 K=-64229589284 bound_or_gap=-1209524085128
PASS hist40_17_13_10 preclash=2349 count=2229 min=-99443433546 K=-99443433546 bound_or_gap=-1209524084635
PASS hist40_17_14_9 preclash=1446 count=1350 min=-123147170243 K=-123147170243 bound_or_gap=-1299410706194
PASS hist40_17_15_8 preclash=684 count=615 min=-131450035872 K=-131450035872 bound_or_gap=-1335722153876
PASS hist40_17_16_7 preclash=261 count=243 min=-137606474384 K=-137606474384 bound_or_gap=-1338857482036
PASS hist40_17_17_6 preclash=153 count=153 min=-164165965078 K=-164165965078 bound_or_gap=-1269702248491
PASS hist40_18_11_11 preclash=594 count=540 min=-99775636034 K=-99775636034 bound_or_gap=-1364091202646
PASS hist40_18_12_10 preclash=483 count=453 min=-100844940384 K=-100844940384 bound_or_gap=-1394551103282
PASS hist40_18_13_9 preclash=189 count=162 min=-102479227513 K=-102479227513 bound_or_gap=-1550662627285
PASS hist40_18_14_8 preclash=18 count=9 min=-183991450925 K=-183991450925 bound_or_gap=-2929038189337
PASS hist40_18_15_7 preclash=0 count=0 min=empty K=0 bound_or_gap=0
PASS hist40_18_16_6 preclash=3 count=3 min=442846447438 K=442846447438 bound_or_gap=-4009998412926
PASS hist40_18_17_5 preclash=24 count=24 min=158954356767 K=158954356767 bound_or_gap=-3550343961565
PASS hist40_18_18_4 preclash=69 count=69 min=-188360327234 K=-188360327234 bound_or_gap=-1209524084985
PASS hist40_19_11_10 preclash=30 count=15 min=-86235668880 K=-86235668880 bound_or_gap=-3358510796190
PASS hist40_19_12_9 preclash=3 count=0 min=empty K=0 bound_or_gap=0
PASS hist40_19_13_8 preclash=0 count=0 min=empty K=0 bound_or_gap=0
PASS hist40_19_14_7 preclash=0 count=0 min=empty K=0 bound_or_gap=0
PASS hist40_19_15_6 preclash=0 count=0 min=empty K=0 bound_or_gap=0
PASS hist40_19_16_5 preclash=0 count=0 min=empty K=0 bound_or_gap=0
PASS hist40_19_17_4 preclash=0 count=0 min=empty K=0 bound_or_gap=0
PASS hist40_19_18_3 preclash=6 count=6 min=-31152526503 K=-31152526503 bound_or_gap=-4089990572997
PASS hist40_19_19_2 preclash=0 count=0 min=empty K=0 bound_or_gap=0
PASS hist40_20_10_10 preclash=0 count=0 min=empty K=0 bound_or_gap=0
PASS hist40_20_11_9 preclash=0 count=0 min=empty K=0 bound_or_gap=0
PASS hist40_20_12_8 preclash=0 count=0 min=empty K=0 bound_or_gap=0
PASS hist40_20_13_7 preclash=0 count=0 min=empty K=0 bound_or_gap=0
PASS hist40_20_14_6 preclash=0 count=0 min=empty K=0 bound_or_gap=0
PASS hist40_20_15_5 preclash=0 count=0 min=empty K=0 bound_or_gap=0
PASS hist40_20_16_4 preclash=0 count=0 min=empty K=0 bound_or_gap=0
PASS hist40_20_17_3 preclash=0 count=0 min=empty K=0 bound_or_gap=0
PASS hist40_20_18_2 preclash=0 count=0 min=empty K=0 bound_or_gap=0
PASS hist40_20_19_1 preclash=0 count=0 min=empty K=0 bound_or_gap=0
PASS hist40_20_20_0 preclash=0 count=0 min=empty K=0 bound_or_gap=0
PASS hist105_41_40_24 preclash=100584 count=100584 min=13871832890 K=13871832890 bound_or_gap=-3614560062586
PASS hist105_41_41_23 preclash=92397 count=92397 min=22861392155 K=22861392155 bound_or_gap=-3614560057604
PASS hist105_42_40_23 preclash=58437 count=58437 min=28758355068 K=28758355068 bound_or_gap=-3614535293925
PASS hist105_42_41_22 preclash=55224 count=55224 min=34900975856 K=34900975856 bound_or_gap=-3614505119360
PASS hist105_42_42_21 preclash=31480 count=31480 min=49016876410 K=49016876410 bound_or_gap=-3614141188092
PASS hist105_43_40_22 preclash=27792 count=27792 min=157734875374 K=157734875374 bound_or_gap=-3614560045025
PASS hist105_43_41_21 preclash=26691 count=26691 min=-139485237158 K=-139485237158 bound_or_gap=-3614560065353
PASS hist105_43_42_20 preclash=15522 count=15522 min=210768258362 K=210768258362 bound_or_gap=-3614259874688
PASS hist105_43_43_19 preclash=6873 count=6873 min=18638800492 K=18638800492 bound_or_gap=-3614560058398
PASS hist105_44_40_21 preclash=14559 count=14559 min=224230448648 K=224230448648 bound_or_gap=-3614560032858
PASS hist105_44_41_20 preclash=14064 count=14064 min=-184589359639 K=-184589359639 bound_or_gap=-3614560049083
PASS hist105_44_42_19 preclash=8193 count=8193 min=306662866548 K=306662866548 bound_or_gap=-3614552533919
PASS hist105_44_43_18 preclash=3654 count=3654 min=373974797908 K=373974797908 bound_or_gap=-3614560067841
PASS hist105_45_39_21 preclash=12827 count=12827 min=-427882106941 K=-427882106941 bound_or_gap=-3614560043425
PASS hist105_45_40_20 preclash=12156 count=12156 min=-435767484356 K=-435767484356 bound_or_gap=-3614560056189
PASS hist105_45_41_19 preclash=11577 count=11577 min=-441870489605 K=-441870489605 bound_or_gap=-3614559942848
PASS hist105_45_42_18 preclash=6701 count=6701 min=-387018338489 K=-387018338489 bound_or_gap=-3614556747632
PASS outer105_105_65 preclash=7931724 count=7931724 min=-190762786478 K=-190762786478 bound_or_gap=1926831607
ALL_PASS cases=62 matrices=8547569
